[0.847s] Invoking command in '/home/prethivi/ros2_ws/Smart_Factory/smart_factory_ws/build/smart_factory_simulations': AMENT_PREFIX_PATH=/home/prethivi/ros2_ws/Smart_Factory/smart_factory_ws/install/smart_factory:/home/prethivi/ros2_ws/Smart_Factory/smart_factory_ws/install/smart_factory_simulations:/home/prethivi/ros2_ws/Smart_Factory/smart_factory_ws/install/turtlebot3_multi_robot:/home/prethivi/ros2_ws/Smart_Factory/smart_factory_ws/install/smart_factory_bringup:/home/prethivi/ros2_ws/Smart_Factory/smart_factory_ws/install/smart_factory_services:/opt/ros/humble LD_LIBRARY_PATH=/home/prethivi/ros2_ws/Smart_Factory/smart_factory_ws/install/smart_factory_services/lib:/usr/lib/x86_64-linux-gnu/gazebo-11/plugins:/opt/ros/humble/opt/rviz_ogre_vendor/lib:/opt/ros/humble/lib/x86_64-linux-gnu:/opt/ros/humble/lib:/usr/lib/x86_64-linux-gnu/gazebo-11/plugins:/usr/lib/x86_64-linux-gnu/gazebo-11/plugins:/usr/lib/x86_64-linux-gnu/gazebo-11/plugins PYTHONPATH=/home/prethivi/ros2_ws/Smart_Factory/smart_factory_ws/build/smart_factory_simulations/prefix_override:/usr/lib/python3/dist-packages/colcon_core/task/python/colcon_distutils_commands:/home/prethivi/ros2_ws/Smart_Factory/smart_factory_ws/install/smart_factory_simulations/lib/python3.10/site-packages:/home/prethivi/ros2_ws/Smart_Factory/smart_factory_ws/build/smart_factory:/home/prethivi/ros2_ws/Smart_Factory/smart_factory_ws/install/smart_factory/lib/python3.10/site-packages:/home/prethivi/ros2_ws/Smart_Factory/smart_factory_ws/install/smart_factory_simulations/lib/python3.10/site-packages:/home/prethivi/ros2_ws/Smart_Factory/smart_factory_ws/install/smart_factory_bringup/lib/python3.10/site-packages:/home/prethivi/ros2_ws/Smart_Factory/smart_factory_ws/install/smart_factory_services/local/lib/python3.10/dist-packages:/opt/ros/humble/lib/python3.10/site-packages:/opt/ros/humble/local/lib/python3.10/dist-packages /usr/bin/python3 -W ignore:setup.py install is deprecated -W ignore:easy_install command is deprecated setup.py develop --editable --build-directory /home/prethivi/ros2_ws/Smart_Factory/smart_factory_ws/build/smart_factory_simulations/build --no-deps symlink_data --force
[1.074s] running develop
[1.232s] running egg_info
[1.232s] writing smart_factory_simulations.egg-info/PKG-INFO
[1.232s] writing dependency_links to smart_factory_simulations.egg-info/dependency_links.txt
[1.233s] writing entry points to smart_factory_simulations.egg-info/entry_points.txt
[1.233s] writing requirements to smart_factory_simulations.egg-info/requires.txt
[1.233s] writing top-level names to smart_factory_simulations.egg-info/top_level.txt
[1.235s] reading manifest file 'smart_factory_simulations.egg-info/SOURCES.txt'
[1.237s] writing manifest file 'smart_factory_simulations.egg-info/SOURCES.txt'
[1.238s] running build_ext
[1.238s] Creating /home/prethivi/ros2_ws/Smart_Factory/smart_factory_ws/install/smart_factory_simulations/lib/python3.10/site-packages/smart-factory-simulations.egg-link (link to .)
[1.239s] Installing goals_assigner script to /home/prethivi/ros2_ws/Smart_Factory/smart_factory_ws/install/smart_factory_simulations/lib/smart_factory_simulations
[1.239s] Installing move_to_object script to /home/prethivi/ros2_ws/Smart_Factory/smart_factory_ws/install/smart_factory_simulations/lib/smart_factory_simulations
[1.239s] Installing robot_bringup script to /home/prethivi/ros2_ws/Smart_Factory/smart_factory_ws/install/smart_factory_simulations/lib/smart_factory_simulations
[1.239s] Installing stop_robot script to /home/prethivi/ros2_ws/Smart_Factory/smart_factory_ws/install/smart_factory_simulations/lib/smart_factory_simulations
[1.239s] 
[1.239s] Installed /home/prethivi/ros2_ws/Smart_Factory/smart_factory_ws/build/smart_factory_simulations
[1.239s] running symlink_data
[1.239s] symbolically linking /home/prethivi/ros2_ws/Smart_Factory/smart_factory_ws/build/smart_factory_simulations/resource/smart_factory_simulations -> /home/prethivi/ros2_ws/Smart_Factory/smart_factory_ws/install/smart_factory_simulations/share/ament_index/resource_index/packages
[1.239s] symbolically linking /home/prethivi/ros2_ws/Smart_Factory/smart_factory_ws/build/smart_factory_simulations/package.xml -> /home/prethivi/ros2_ws/Smart_Factory/smart_factory_ws/install/smart_factory_simulations/share/smart_factory_simulations
[1.239s] symbolically linking /home/prethivi/ros2_ws/Smart_Factory/smart_factory_ws/build/smart_factory_simulations/launch/multi_robot.launch.py -> /home/prethivi/ros2_ws/Smart_Factory/smart_factory_ws/install/smart_factory_simulations/share/smart_factory_simulations/launch
[1.239s] symbolically linking /home/prethivi/ros2_ws/Smart_Factory/smart_factory_ws/build/smart_factory_simulations/launch/robot_state_publisher_2.launch.py -> /home/prethivi/ros2_ws/Smart_Factory/smart_factory_ws/install/smart_factory_simulations/share/smart_factory_simulations/launch
[1.239s] symbolically linking /home/prethivi/ros2_ws/Smart_Factory/smart_factory_ws/build/smart_factory_simulations/launch/warehouse_world.launch.py -> /home/prethivi/ros2_ws/Smart_Factory/smart_factory_ws/install/smart_factory_simulations/share/smart_factory_simulations/launch
[1.240s] symbolically linking /home/prethivi/ros2_ws/Smart_Factory/smart_factory_ws/build/smart_factory_simulations/launch/multi_robot_bringup.launch.py -> /home/prethivi/ros2_ws/Smart_Factory/smart_factory_ws/install/smart_factory_simulations/share/smart_factory_simulations/launch
[1.240s] symbolically linking /home/prethivi/ros2_ws/Smart_Factory/smart_factory_ws/build/smart_factory_simulations/launch/multi_robot_nav2.launch.py -> /home/prethivi/ros2_ws/Smart_Factory/smart_factory_ws/install/smart_factory_simulations/share/smart_factory_simulations/launch
[1.240s] symbolically linking /home/prethivi/ros2_ws/Smart_Factory/smart_factory_ws/build/smart_factory_simulations/launch/multi_spawn_turtlebot3.launch.py -> /home/prethivi/ros2_ws/Smart_Factory/smart_factory_ws/install/smart_factory_simulations/share/smart_factory_simulations/launch
[1.240s] symbolically linking /home/prethivi/ros2_ws/Smart_Factory/smart_factory_ws/build/smart_factory_simulations/launch/spawn_turtlebot3_1.launch.py -> /home/prethivi/ros2_ws/Smart_Factory/smart_factory_ws/install/smart_factory_simulations/share/smart_factory_simulations/launch
[1.240s] symbolically linking /home/prethivi/ros2_ws/Smart_Factory/smart_factory_ws/build/smart_factory_simulations/launch/simple_world.launch.py -> /home/prethivi/ros2_ws/Smart_Factory/smart_factory_ws/install/smart_factory_simulations/share/smart_factory_simulations/launch
[1.240s] symbolically linking /home/prethivi/ros2_ws/Smart_Factory/smart_factory_ws/build/smart_factory_simulations/launch/robot_state_publisher_1.launch.py -> /home/prethivi/ros2_ws/Smart_Factory/smart_factory_ws/install/smart_factory_simulations/share/smart_factory_simulations/launch
[1.240s] symbolically linking /home/prethivi/ros2_ws/Smart_Factory/smart_factory_ws/build/smart_factory_simulations/launch/spawn_turtlebot3_2.launch.py -> /home/prethivi/ros2_ws/Smart_Factory/smart_factory_ws/install/smart_factory_simulations/share/smart_factory_simulations/launch
[1.240s] symbolically linking /home/prethivi/ros2_ws/Smart_Factory/smart_factory_ws/build/smart_factory_simulations/model/model_2.sdf -> /home/prethivi/ros2_ws/Smart_Factory/smart_factory_ws/install/smart_factory_simulations/share/smart_factory_simulations/model
[1.240s] symbolically linking /home/prethivi/ros2_ws/Smart_Factory/smart_factory_ws/build/smart_factory_simulations/model/model_1.sdf -> /home/prethivi/ros2_ws/Smart_Factory/smart_factory_ws/install/smart_factory_simulations/share/smart_factory_simulations/model
[1.240s] symbolically linking /home/prethivi/ros2_ws/Smart_Factory/smart_factory_ws/build/smart_factory_simulations/model/tb3_waffle.urdf -> /home/prethivi/ros2_ws/Smart_Factory/smart_factory_ws/install/smart_factory_simulations/share/smart_factory_simulations/model
[1.241s] symbolically linking /home/prethivi/ros2_ws/Smart_Factory/smart_factory_ws/build/smart_factory_simulations/world/simpleworld.world -> /home/prethivi/ros2_ws/Smart_Factory/smart_factory_ws/install/smart_factory_simulations/share/smart_factory_simulations/world
[1.241s] symbolically linking /home/prethivi/ros2_ws/Smart_Factory/smart_factory_ws/build/smart_factory_simulations/world/warehouse.world -> /home/prethivi/ros2_ws/Smart_Factory/smart_factory_ws/install/smart_factory_simulations/share/smart_factory_simulations/world
[1.241s] symbolically linking /home/prethivi/ros2_ws/Smart_Factory/smart_factory_ws/build/smart_factory_simulations/world/turtlebot3_house.world -> /home/prethivi/ros2_ws/Smart_Factory/smart_factory_ws/install/smart_factory_simulations/share/smart_factory_simulations/world
[1.241s] symbolically linking /home/prethivi/ros2_ws/Smart_Factory/smart_factory_ws/build/smart_factory_simulations/world/french_cafe.world -> /home/prethivi/ros2_ws/Smart_Factory/smart_factory_ws/install/smart_factory_simulations/share/smart_factory_simulations/world
[1.241s] symbolically linking /home/prethivi/ros2_ws/Smart_Factory/smart_factory_ws/build/smart_factory_simulations/world/smart_factoryworld.world -> /home/prethivi/ros2_ws/Smart_Factory/smart_factory_ws/install/smart_factory_simulations/share/smart_factory_simulations/world
[1.241s] symbolically linking /home/prethivi/ros2_ws/Smart_Factory/smart_factory_ws/build/smart_factory_simulations/maps/turtlebot3_housemap.yaml -> /home/prethivi/ros2_ws/Smart_Factory/smart_factory_ws/install/smart_factory_simulations/share/smart_factory_simulations/maps
[1.241s] symbolically linking /home/prethivi/ros2_ws/Smart_Factory/smart_factory_ws/build/smart_factory_simulations/maps/turtlebot3_housemap.posegraph -> /home/prethivi/ros2_ws/Smart_Factory/smart_factory_ws/install/smart_factory_simulations/share/smart_factory_simulations/maps
[1.241s] symbolically linking /home/prethivi/ros2_ws/Smart_Factory/smart_factory_ws/build/smart_factory_simulations/maps/turtlebot3_housemap.pgm -> /home/prethivi/ros2_ws/Smart_Factory/smart_factory_ws/install/smart_factory_simulations/share/smart_factory_simulations/maps
[1.241s] symbolically linking /home/prethivi/ros2_ws/Smart_Factory/smart_factory_ws/build/smart_factory_simulations/maps/turtlebot3_housemap.data -> /home/prethivi/ros2_ws/Smart_Factory/smart_factory_ws/install/smart_factory_simulations/share/smart_factory_simulations/maps
[1.241s] symbolically linking /home/prethivi/ros2_ws/Smart_Factory/smart_factory_ws/build/smart_factory_simulations/config/robot2_nav2_params.yaml -> /home/prethivi/ros2_ws/Smart_Factory/smart_factory_ws/install/smart_factory_simulations/share/smart_factory_simulations/config
[1.242s] symbolically linking /home/prethivi/ros2_ws/Smart_Factory/smart_factory_ws/build/smart_factory_simulations/config/robot1_nav2_params.yaml -> /home/prethivi/ros2_ws/Smart_Factory/smart_factory_ws/install/smart_factory_simulations/share/smart_factory_simulations/config
[1.278s] Invoked command in '/home/prethivi/ros2_ws/Smart_Factory/smart_factory_ws/build/smart_factory_simulations' returned '0': AMENT_PREFIX_PATH=/home/prethivi/ros2_ws/Smart_Factory/smart_factory_ws/install/smart_factory:/home/prethivi/ros2_ws/Smart_Factory/smart_factory_ws/install/smart_factory_simulations:/home/prethivi/ros2_ws/Smart_Factory/smart_factory_ws/install/turtlebot3_multi_robot:/home/prethivi/ros2_ws/Smart_Factory/smart_factory_ws/install/smart_factory_bringup:/home/prethivi/ros2_ws/Smart_Factory/smart_factory_ws/install/smart_factory_services:/opt/ros/humble LD_LIBRARY_PATH=/home/prethivi/ros2_ws/Smart_Factory/smart_factory_ws/install/smart_factory_services/lib:/usr/lib/x86_64-linux-gnu/gazebo-11/plugins:/opt/ros/humble/opt/rviz_ogre_vendor/lib:/opt/ros/humble/lib/x86_64-linux-gnu:/opt/ros/humble/lib:/usr/lib/x86_64-linux-gnu/gazebo-11/plugins:/usr/lib/x86_64-linux-gnu/gazebo-11/plugins:/usr/lib/x86_64-linux-gnu/gazebo-11/plugins PYTHONPATH=/home/prethivi/ros2_ws/Smart_Factory/smart_factory_ws/build/smart_factory_simulations/prefix_override:/usr/lib/python3/dist-packages/colcon_core/task/python/colcon_distutils_commands:/home/prethivi/ros2_ws/Smart_Factory/smart_factory_ws/install/smart_factory_simulations/lib/python3.10/site-packages:/home/prethivi/ros2_ws/Smart_Factory/smart_factory_ws/build/smart_factory:/home/prethivi/ros2_ws/Smart_Factory/smart_factory_ws/install/smart_factory/lib/python3.10/site-packages:/home/prethivi/ros2_ws/Smart_Factory/smart_factory_ws/install/smart_factory_simulations/lib/python3.10/site-packages:/home/prethivi/ros2_ws/Smart_Factory/smart_factory_ws/install/smart_factory_bringup/lib/python3.10/site-packages:/home/prethivi/ros2_ws/Smart_Factory/smart_factory_ws/install/smart_factory_services/local/lib/python3.10/dist-packages:/opt/ros/humble/lib/python3.10/site-packages:/opt/ros/humble/local/lib/python3.10/dist-packages /usr/bin/python3 -W ignore:setup.py install is deprecated -W ignore:easy_install command is deprecated setup.py develop --editable --build-directory /home/prethivi/ros2_ws/Smart_Factory/smart_factory_ws/build/smart_factory_simulations/build --no-deps symlink_data --force
