running egg_info
writing ../../build/smart_factory_simulations/smart_factory_simulations.egg-info/PKG-INFO
writing dependency_links to ../../build/smart_factory_simulations/smart_factory_simulations.egg-info/dependency_links.txt
writing entry points to ../../build/smart_factory_simulations/smart_factory_simulations.egg-info/entry_points.txt
writing requirements to ../../build/smart_factory_simulations/smart_factory_simulations.egg-info/requires.txt
writing top-level names to ../../build/smart_factory_simulations/smart_factory_simulations.egg-info/top_level.txt
reading manifest file '../../build/smart_factory_simulations/smart_factory_simulations.egg-info/SOURCES.txt'
writing manifest file '../../build/smart_factory_simulations/smart_factory_simulations.egg-info/SOURCES.txt'
running build
running build_py
copying smart_factory_simulations/move_to_object.py -> /home/prethivi/ros2_ws/Smart_Factory/smart_factory_ws/build/smart_factory_simulations/build/lib/smart_factory_simulations
copying smart_factory_simulations/robot_bringup.py -> /home/prethivi/ros2_ws/Smart_Factory/smart_factory_ws/build/smart_factory_simulations/build/lib/smart_factory_simulations
copying smart_factory_simulations/goals_assigner.py -> /home/prethivi/ros2_ws/Smart_Factory/smart_factory_ws/build/smart_factory_simulations/build/lib/smart_factory_simulations
running install
running install_lib
copying /home/prethivi/ros2_ws/Smart_Factory/smart_factory_ws/build/smart_factory_simulations/build/lib/smart_factory_simulations/move_to_object.py -> /home/prethivi/ros2_ws/Smart_Factory/smart_factory_ws/install/smart_factory_simulations/lib/python3.10/site-packages/smart_factory_simulations
copying /home/prethivi/ros2_ws/Smart_Factory/smart_factory_ws/build/smart_factory_simulations/build/lib/smart_factory_simulations/robot_bringup.py -> /home/prethivi/ros2_ws/Smart_Factory/smart_factory_ws/install/smart_factory_simulations/lib/python3.10/site-packages/smart_factory_simulations
copying /home/prethivi/ros2_ws/Smart_Factory/smart_factory_ws/build/smart_factory_simulations/build/lib/smart_factory_simulations/goals_assigner.py -> /home/prethivi/ros2_ws/Smart_Factory/smart_factory_ws/install/smart_factory_simulations/lib/python3.10/site-packages/smart_factory_simulations
byte-compiling /home/prethivi/ros2_ws/Smart_Factory/smart_factory_ws/install/smart_factory_simulations/lib/python3.10/site-packages/smart_factory_simulations/move_to_object.py to move_to_object.cpython-310.pyc
byte-compiling /home/prethivi/ros2_ws/Smart_Factory/smart_factory_ws/install/smart_factory_simulations/lib/python3.10/site-packages/smart_factory_simulations/robot_bringup.py to robot_bringup.cpython-310.pyc
byte-compiling /home/prethivi/ros2_ws/Smart_Factory/smart_factory_ws/install/smart_factory_simulations/lib/python3.10/site-packages/smart_factory_simulations/goals_assigner.py to goals_assigner.cpython-310.pyc
running install_data
creating /home/prethivi/ros2_ws/Smart_Factory/smart_factory_ws/install/smart_factory_simulations/share/smart_factory_simulations/launch
copying launch/multi_robot.launch.py -> /home/prethivi/ros2_ws/Smart_Factory/smart_factory_ws/install/smart_factory_simulations/share/smart_factory_simulations/launch
copying launch/robot_state_publisher_2.launch.py -> /home/prethivi/ros2_ws/Smart_Factory/smart_factory_ws/install/smart_factory_simulations/share/smart_factory_simulations/launch
copying launch/warehouse_world.launch.py -> /home/prethivi/ros2_ws/Smart_Factory/smart_factory_ws/install/smart_factory_simulations/share/smart_factory_simulations/launch
copying launch/multi_spawn_turtlebot3.launch.py -> /home/prethivi/ros2_ws/Smart_Factory/smart_factory_ws/install/smart_factory_simulations/share/smart_factory_simulations/launch
copying launch/spawn_turtlebot3_1.launch.py -> /home/prethivi/ros2_ws/Smart_Factory/smart_factory_ws/install/smart_factory_simulations/share/smart_factory_simulations/launch
copying launch/simple_world.launch.py -> /home/prethivi/ros2_ws/Smart_Factory/smart_factory_ws/install/smart_factory_simulations/share/smart_factory_simulations/launch
copying launch/robot_state_publisher_1.launch.py -> /home/prethivi/ros2_ws/Smart_Factory/smart_factory_ws/install/smart_factory_simulations/share/smart_factory_simulations/launch
copying launch/spawn_turtlebot3_2.launch.py -> /home/prethivi/ros2_ws/Smart_Factory/smart_factory_ws/install/smart_factory_simulations/share/smart_factory_simulations/launch
running install_egg_info
removing '/home/prethivi/ros2_ws/Smart_Factory/smart_factory_ws/install/smart_factory_simulations/lib/python3.10/site-packages/smart_factory_simulations-0.0.0-py3.10.egg-info' (and everything under it)
Copying ../../build/smart_factory_simulations/smart_factory_simulations.egg-info to /home/prethivi/ros2_ws/Smart_Factory/smart_factory_ws/install/smart_factory_simulations/lib/python3.10/site-packages/smart_factory_simulations-0.0.0-py3.10.egg-info
running install_scripts
Installing goals_assigner script to /home/prethivi/ros2_ws/Smart_Factory/smart_factory_ws/install/smart_factory_simulations/lib/smart_factory_simulations
Installing move_to_object script to /home/prethivi/ros2_ws/Smart_Factory/smart_factory_ws/install/smart_factory_simulations/lib/smart_factory_simulations
Installing robot_bringup script to /home/prethivi/ros2_ws/Smart_Factory/smart_factory_ws/install/smart_factory_simulations/lib/smart_factory_simulations
writing list of installed files to '/home/prethivi/ros2_ws/Smart_Factory/smart_factory_ws/build/smart_factory_simulations/install.log'
