[0.595s] Invoking command in '/home/prethivi/ros2_ws/Smart_Factory/smart_factory_ws/src/smart_factory_simulations': PYTHONPATH=/home/prethivi/ros2_ws/Smart_Factory/smart_factory_ws/build/smart_factory_simulations/prefix_override:/usr/lib/python3/dist-packages/colcon_core/task/python/colcon_distutils_commands:/home/prethivi/ros2_ws/Smart_Factory/smart_factory_ws/install/smart_factory_simulations/lib/python3.10/site-packages:${PYTHONPATH} /usr/bin/python3 -W ignore:setup.py install is deprecated -W ignore:easy_install command is deprecated setup.py egg_info --egg-base ../../build/smart_factory_simulations build --build-base /home/prethivi/ros2_ws/Smart_Factory/smart_factory_ws/build/smart_factory_simulations/build install --record /home/prethivi/ros2_ws/Smart_Factory/smart_factory_ws/build/smart_factory_simulations/install.log --single-version-externally-managed install_data
[0.776s] running egg_info
[0.777s] writing ../../build/smart_factory_simulations/smart_factory_simulations.egg-info/PKG-INFO
[0.777s] writing dependency_links to ../../build/smart_factory_simulations/smart_factory_simulations.egg-info/dependency_links.txt
[0.777s] writing entry points to ../../build/smart_factory_simulations/smart_factory_simulations.egg-info/entry_points.txt
[0.777s] writing requirements to ../../build/smart_factory_simulations/smart_factory_simulations.egg-info/requires.txt
[0.777s] writing top-level names to ../../build/smart_factory_simulations/smart_factory_simulations.egg-info/top_level.txt
[0.779s] reading manifest file '../../build/smart_factory_simulations/smart_factory_simulations.egg-info/SOURCES.txt'
[0.780s] writing manifest file '../../build/smart_factory_simulations/smart_factory_simulations.egg-info/SOURCES.txt'
[0.780s] running build
[0.780s] running build_py
[0.780s] copying smart_factory_simulations/move_to_object.py -> /home/prethivi/ros2_ws/Smart_Factory/smart_factory_ws/build/smart_factory_simulations/build/lib/smart_factory_simulations
[0.781s] copying smart_factory_simulations/robot_bringup.py -> /home/prethivi/ros2_ws/Smart_Factory/smart_factory_ws/build/smart_factory_simulations/build/lib/smart_factory_simulations
[0.781s] copying smart_factory_simulations/goals_assigner.py -> /home/prethivi/ros2_ws/Smart_Factory/smart_factory_ws/build/smart_factory_simulations/build/lib/smart_factory_simulations
[0.781s] running install
[0.781s] running install_lib
[0.781s] copying /home/prethivi/ros2_ws/Smart_Factory/smart_factory_ws/build/smart_factory_simulations/build/lib/smart_factory_simulations/move_to_object.py -> /home/prethivi/ros2_ws/Smart_Factory/smart_factory_ws/install/smart_factory_simulations/lib/python3.10/site-packages/smart_factory_simulations
[0.781s] copying /home/prethivi/ros2_ws/Smart_Factory/smart_factory_ws/build/smart_factory_simulations/build/lib/smart_factory_simulations/robot_bringup.py -> /home/prethivi/ros2_ws/Smart_Factory/smart_factory_ws/install/smart_factory_simulations/lib/python3.10/site-packages/smart_factory_simulations
[0.781s] copying /home/prethivi/ros2_ws/Smart_Factory/smart_factory_ws/build/smart_factory_simulations/build/lib/smart_factory_simulations/goals_assigner.py -> /home/prethivi/ros2_ws/Smart_Factory/smart_factory_ws/install/smart_factory_simulations/lib/python3.10/site-packages/smart_factory_simulations
[0.782s] byte-compiling /home/prethivi/ros2_ws/Smart_Factory/smart_factory_ws/install/smart_factory_simulations/lib/python3.10/site-packages/smart_factory_simulations/move_to_object.py to move_to_object.cpython-310.pyc
[0.783s] byte-compiling /home/prethivi/ros2_ws/Smart_Factory/smart_factory_ws/install/smart_factory_simulations/lib/python3.10/site-packages/smart_factory_simulations/robot_bringup.py to robot_bringup.cpython-310.pyc
[0.783s] byte-compiling /home/prethivi/ros2_ws/Smart_Factory/smart_factory_ws/install/smart_factory_simulations/lib/python3.10/site-packages/smart_factory_simulations/goals_assigner.py to goals_assigner.cpython-310.pyc
[0.784s] running install_data
[0.784s] creating /home/prethivi/ros2_ws/Smart_Factory/smart_factory_ws/install/smart_factory_simulations/share/smart_factory_simulations/launch
[0.784s] copying launch/multi_robot.launch.py -> /home/prethivi/ros2_ws/Smart_Factory/smart_factory_ws/install/smart_factory_simulations/share/smart_factory_simulations/launch
[0.784s] copying launch/robot_state_publisher_2.launch.py -> /home/prethivi/ros2_ws/Smart_Factory/smart_factory_ws/install/smart_factory_simulations/share/smart_factory_simulations/launch
[0.785s] copying launch/warehouse_world.launch.py -> /home/prethivi/ros2_ws/Smart_Factory/smart_factory_ws/install/smart_factory_simulations/share/smart_factory_simulations/launch
[0.785s] copying launch/multi_spawn_turtlebot3.launch.py -> /home/prethivi/ros2_ws/Smart_Factory/smart_factory_ws/install/smart_factory_simulations/share/smart_factory_simulations/launch
[0.785s] copying launch/spawn_turtlebot3_1.launch.py -> /home/prethivi/ros2_ws/Smart_Factory/smart_factory_ws/install/smart_factory_simulations/share/smart_factory_simulations/launch
[0.785s] copying launch/simple_world.launch.py -> /home/prethivi/ros2_ws/Smart_Factory/smart_factory_ws/install/smart_factory_simulations/share/smart_factory_simulations/launch
[0.785s] copying launch/robot_state_publisher_1.launch.py -> /home/prethivi/ros2_ws/Smart_Factory/smart_factory_ws/install/smart_factory_simulations/share/smart_factory_simulations/launch
[0.785s] copying launch/spawn_turtlebot3_2.launch.py -> /home/prethivi/ros2_ws/Smart_Factory/smart_factory_ws/install/smart_factory_simulations/share/smart_factory_simulations/launch
[0.785s] running install_egg_info
[0.786s] removing '/home/prethivi/ros2_ws/Smart_Factory/smart_factory_ws/install/smart_factory_simulations/lib/python3.10/site-packages/smart_factory_simulations-0.0.0-py3.10.egg-info' (and everything under it)
[0.786s] Copying ../../build/smart_factory_simulations/smart_factory_simulations.egg-info to /home/prethivi/ros2_ws/Smart_Factory/smart_factory_ws/install/smart_factory_simulations/lib/python3.10/site-packages/smart_factory_simulations-0.0.0-py3.10.egg-info
[0.787s] running install_scripts
[0.802s] Installing goals_assigner script to /home/prethivi/ros2_ws/Smart_Factory/smart_factory_ws/install/smart_factory_simulations/lib/smart_factory_simulations
[0.802s] Installing move_to_object script to /home/prethivi/ros2_ws/Smart_Factory/smart_factory_ws/install/smart_factory_simulations/lib/smart_factory_simulations
[0.802s] Installing robot_bringup script to /home/prethivi/ros2_ws/Smart_Factory/smart_factory_ws/install/smart_factory_simulations/lib/smart_factory_simulations
[0.802s] writing list of installed files to '/home/prethivi/ros2_ws/Smart_Factory/smart_factory_ws/build/smart_factory_simulations/install.log'
[0.823s] Invoked command in '/home/prethivi/ros2_ws/Smart_Factory/smart_factory_ws/src/smart_factory_simulations' returned '0': PYTHONPATH=/home/prethivi/ros2_ws/Smart_Factory/smart_factory_ws/build/smart_factory_simulations/prefix_override:/usr/lib/python3/dist-packages/colcon_core/task/python/colcon_distutils_commands:/home/prethivi/ros2_ws/Smart_Factory/smart_factory_ws/install/smart_factory_simulations/lib/python3.10/site-packages:${PYTHONPATH} /usr/bin/python3 -W ignore:setup.py install is deprecated -W ignore:easy_install command is deprecated setup.py egg_info --egg-base ../../build/smart_factory_simulations build --build-base /home/prethivi/ros2_ws/Smart_Factory/smart_factory_ws/build/smart_factory_simulations/build install --record /home/prethivi/ros2_ws/Smart_Factory/smart_factory_ws/build/smart_factory_simulations/install.log --single-version-externally-managed install_data
