[0.013s] Invoking command in '/home/prethivi/ros2_ws/Smart_Factory/smart_factory_ws/build/smart_factory_services': CMAKE_PREFIX_PATH=${CMAKE_PREFIX_PATH}:/home/prethivi/ros2_ws/Smart_Factory/smart_factory_ws/install/smart_factory_simulations:/home/prethivi/ros2_ws/Smart_Factory/smart_factory_ws/install/smart_factory_bringup:/home/prethivi/ros2_ws/Smart_Factory/smart_factory_ws/install/smart_factory:/opt/ros/humble /usr/bin/cmake /home/prethivi/ros2_ws/Smart_Factory/smart_factory_ws/src/smart_factory_services -DCMAKE_INSTALL_PREFIX=/home/prethivi/ros2_ws/Smart_Factory/smart_factory_ws/install/smart_factory_services
[0.033s] -- Found ament_cmake: 1.3.11 (/opt/ros/humble/share/ament_cmake/cmake)
[0.140s] -- Override CMake install command with custom implementation using symlinks instead of copying resources
[0.155s] -- Found rclcpp: 16.0.12 (/opt/ros/humble/share/rclcpp/cmake)
[0.190s] -- Found rosidl_generator_c: 3.1.6 (/opt/ros/humble/share/rosidl_generator_c/cmake)
[0.193s] -- Found rosidl_adapter: 3.1.6 (/opt/ros/humble/share/rosidl_adapter/cmake)
[0.200s] -- Found rosidl_generator_cpp: 3.1.6 (/opt/ros/humble/share/rosidl_generator_cpp/cmake)
[0.211s] -- Using all available rosidl_typesupport_c: rosidl_typesupport_fastrtps_c;rosidl_typesupport_introspection_c
[0.224s] -- Using all available rosidl_typesupport_cpp: rosidl_typesupport_fastrtps_cpp;rosidl_typesupport_introspection_cpp
[0.259s] -- Found rmw_implementation_cmake: 6.1.2 (/opt/ros/humble/share/rmw_implementation_cmake/cmake)
[0.261s] -- Found rmw_fastrtps_cpp: 6.2.7 (/opt/ros/humble/share/rmw_fastrtps_cpp/cmake)
[0.374s] -- Using RMW implementation 'rmw_fastrtps_cpp' as default
[0.422s] -- Found rosidl_default_generators: 1.2.0 (/opt/ros/humble/share/rosidl_default_generators/cmake)
[0.640s] -- Found ament_cmake_ros: 0.10.0 (/opt/ros/humble/share/ament_cmake_ros/cmake)
[0.909s] -- Using all available rosidl_typesupport_c: rosidl_typesupport_fastrtps_c;rosidl_typesupport_introspection_c
[1.015s] -- Using all available rosidl_typesupport_cpp: rosidl_typesupport_fastrtps_cpp;rosidl_typesupport_introspection_cpp
[1.036s] -- Found python_cmake_module: 0.10.0 (/opt/ros/humble/share/python_cmake_module/cmake)
[1.059s] -- Using PYTHON_EXECUTABLE: /usr/bin/python3
[1.059s] -- Using PYTHON_INCLUDE_DIRS: /usr/include/python3.10
[1.059s] -- Using PYTHON_LIBRARIES: /usr/lib/x86_64-linux-gnu/libpython3.10.so
[1.071s] -- Found ament_lint_auto: 0.12.12 (/opt/ros/humble/share/ament_lint_auto/cmake)
[1.087s] -- Added test 'lint_cmake' to check CMake code style
[1.089s] -- Added test 'xmllint' to check XML markup files
[1.091s] -- Configuring done
[1.130s] -- Generating done
[1.140s] -- Build files have been written to: /home/prethivi/ros2_ws/Smart_Factory/smart_factory_ws/build/smart_factory_services
[1.149s] Invoked command in '/home/prethivi/ros2_ws/Smart_Factory/smart_factory_ws/build/smart_factory_services' returned '0': CMAKE_PREFIX_PATH=${CMAKE_PREFIX_PATH}:/home/prethivi/ros2_ws/Smart_Factory/smart_factory_ws/install/smart_factory_simulations:/home/prethivi/ros2_ws/Smart_Factory/smart_factory_ws/install/smart_factory_bringup:/home/prethivi/ros2_ws/Smart_Factory/smart_factory_ws/install/smart_factory:/opt/ros/humble /usr/bin/cmake /home/prethivi/ros2_ws/Smart_Factory/smart_factory_ws/src/smart_factory_services -DCMAKE_INSTALL_PREFIX=/home/prethivi/ros2_ws/Smart_Factory/smart_factory_ws/install/smart_factory_services
[1.150s] Invoking command in '/home/prethivi/ros2_ws/Smart_Factory/smart_factory_ws/build/smart_factory_services': CMAKE_PREFIX_PATH=${CMAKE_PREFIX_PATH}:/home/prethivi/ros2_ws/Smart_Factory/smart_factory_ws/install/smart_factory_simulations:/home/prethivi/ros2_ws/Smart_Factory/smart_factory_ws/install/smart_factory_bringup:/home/prethivi/ros2_ws/Smart_Factory/smart_factory_ws/install/smart_factory:/opt/ros/humble /usr/bin/cmake --build /home/prethivi/ros2_ws/Smart_Factory/smart_factory_ws/build/smart_factory_services -- -j16 -l16
[1.200s] [35m[1mConsolidate compiler generated dependencies of target smart_factory_services__rosidl_generator_c[0m
[1.214s] [  3%] Built target smart_factory_services__cpp
[1.217s] [ 12%] Built target smart_factory_services__rosidl_generator_c
[1.223s] [ 12%] Built target ament_cmake_python_symlink_smart_factory_services
[1.230s] [35m[1mConsolidate compiler generated dependencies of target smart_factory_services__rosidl_typesupport_cpp[0m
[1.230s] [35m[1mConsolidate compiler generated dependencies of target smart_factory_services__rosidl_typesupport_introspection_cpp[0m
[1.230s] [35m[1mConsolidate compiler generated dependencies of target smart_factory_services__rosidl_typesupport_fastrtps_cpp[0m
[1.233s] [35m[1mConsolidate compiler generated dependencies of target smart_factory_services__rosidl_typesupport_introspection_c[0m
[1.233s] [35m[1mConsolidate compiler generated dependencies of target smart_factory_services__rosidl_typesupport_c[0m
[1.233s] [35m[1mConsolidate compiler generated dependencies of target smart_factory_services__rosidl_typesupport_fastrtps_c[0m
[1.249s] [ 41%] Built target smart_factory_services__rosidl_typesupport_cpp
[1.249s] [ 41%] Built target smart_factory_services__rosidl_typesupport_introspection_c
[1.249s] [ 41%] Built target smart_factory_services__rosidl_typesupport_c
[1.249s] [ 51%] Built target smart_factory_services__rosidl_typesupport_introspection_cpp
[1.251s] [ 70%] Built target smart_factory_services__rosidl_typesupport_fastrtps_c
[1.251s] [ 70%] Built target smart_factory_services__rosidl_typesupport_fastrtps_cpp
[1.281s] [ 70%] Built target smart_factory_services
[1.311s] [ 74%] Built target smart_factory_services__py
[1.327s] [35m[1mConsolidate compiler generated dependencies of target smart_factory_services__rosidl_generator_py[0m
[1.346s] [ 80%] Built target smart_factory_services__rosidl_generator_py
[1.360s] [35m[1mConsolidate compiler generated dependencies of target smart_factory_services__rosidl_typesupport_introspection_c__pyext[0m
[1.360s] [35m[1mConsolidate compiler generated dependencies of target smart_factory_services__rosidl_typesupport_c__pyext[0m
[1.361s] [35m[1mConsolidate compiler generated dependencies of target smart_factory_services__rosidl_typesupport_fastrtps_c__pyext[0m
[1.377s] [100%] Built target smart_factory_services__rosidl_typesupport_introspection_c__pyext
[1.377s] [100%] Built target smart_factory_services__rosidl_typesupport_fastrtps_c__pyext
[1.378s] [100%] Built target smart_factory_services__rosidl_typesupport_c__pyext
[1.441s] running egg_info
[1.442s] writing smart_factory_services.egg-info/PKG-INFO
[1.442s] writing dependency_links to smart_factory_services.egg-info/dependency_links.txt
[1.442s] writing top-level names to smart_factory_services.egg-info/top_level.txt
[1.446s] reading manifest file 'smart_factory_services.egg-info/SOURCES.txt'
[1.446s] writing manifest file 'smart_factory_services.egg-info/SOURCES.txt'
[1.473s] [100%] Built target ament_cmake_python_build_smart_factory_services_egg
[1.486s] Invoked command in '/home/prethivi/ros2_ws/Smart_Factory/smart_factory_ws/build/smart_factory_services' returned '0': CMAKE_PREFIX_PATH=${CMAKE_PREFIX_PATH}:/home/prethivi/ros2_ws/Smart_Factory/smart_factory_ws/install/smart_factory_simulations:/home/prethivi/ros2_ws/Smart_Factory/smart_factory_ws/install/smart_factory_bringup:/home/prethivi/ros2_ws/Smart_Factory/smart_factory_ws/install/smart_factory:/opt/ros/humble /usr/bin/cmake --build /home/prethivi/ros2_ws/Smart_Factory/smart_factory_ws/build/smart_factory_services -- -j16 -l16
[1.488s] Invoking command in '/home/prethivi/ros2_ws/Smart_Factory/smart_factory_ws/build/smart_factory_services': CMAKE_PREFIX_PATH=${CMAKE_PREFIX_PATH}:/home/prethivi/ros2_ws/Smart_Factory/smart_factory_ws/install/smart_factory_simulations:/home/prethivi/ros2_ws/Smart_Factory/smart_factory_ws/install/smart_factory_bringup:/home/prethivi/ros2_ws/Smart_Factory/smart_factory_ws/install/smart_factory:/opt/ros/humble /usr/bin/cmake --install /home/prethivi/ros2_ws/Smart_Factory/smart_factory_ws/build/smart_factory_services
[1.497s] -- Install configuration: ""
[1.497s] -- Execute custom install script
[1.497s] -- Up-to-date symlink: /home/prethivi/ros2_ws/Smart_Factory/smart_factory_ws/install/smart_factory_services/share/ament_index/resource_index/rosidl_interfaces/smart_factory_services
[1.498s] -- Up-to-date symlink: /home/prethivi/ros2_ws/Smart_Factory/smart_factory_ws/install/smart_factory_services/include/smart_factory_services/smart_factory_services/msg/rosidl_generator_c__visibility_control.h
[1.498s] -- Up-to-date symlink: /home/prethivi/ros2_ws/Smart_Factory/smart_factory_ws/install/smart_factory_services/include/smart_factory_services/smart_factory_services/srv/detail/task_allocation__functions.h
[1.498s] -- Up-to-date symlink: /home/prethivi/ros2_ws/Smart_Factory/smart_factory_ws/install/smart_factory_services/include/smart_factory_services/smart_factory_services/srv/detail/task_allocation__struct.h
[1.498s] -- Up-to-date symlink: /home/prethivi/ros2_ws/Smart_Factory/smart_factory_ws/install/smart_factory_services/include/smart_factory_services/smart_factory_services/srv/detail/task_allocation__type_support.h
[1.498s] -- Up-to-date symlink: /home/prethivi/ros2_ws/Smart_Factory/smart_factory_ws/install/smart_factory_services/include/smart_factory_services/smart_factory_services/srv/task_allocation.h
[1.498s] -- Up-to-date symlink: /home/prethivi/ros2_ws/Smart_Factory/smart_factory_ws/install/smart_factory_services/share/smart_factory_services/environment/library_path.sh
[1.498s] -- Up-to-date symlink: /home/prethivi/ros2_ws/Smart_Factory/smart_factory_ws/install/smart_factory_services/share/smart_factory_services/environment/library_path.dsv
[1.499s] -- Up-to-date symlink: /home/prethivi/ros2_ws/Smart_Factory/smart_factory_ws/install/smart_factory_services/include/smart_factory_services/smart_factory_services/msg/rosidl_typesupport_fastrtps_c__visibility_control.h
[1.499s] -- Up-to-date symlink: /home/prethivi/ros2_ws/Smart_Factory/smart_factory_ws/install/smart_factory_services/include/smart_factory_services/smart_factory_services/srv/detail/task_allocation__rosidl_typesupport_fastrtps_c.h
[1.499s] -- Up-to-date symlink: /home/prethivi/ros2_ws/Smart_Factory/smart_factory_ws/install/smart_factory_services/include/smart_factory_services/smart_factory_services/msg/rosidl_generator_cpp__visibility_control.hpp
[1.499s] -- Up-to-date symlink: /home/prethivi/ros2_ws/Smart_Factory/smart_factory_ws/install/smart_factory_services/include/smart_factory_services/smart_factory_services/srv/detail/task_allocation__builder.hpp
[1.499s] -- Up-to-date symlink: /home/prethivi/ros2_ws/Smart_Factory/smart_factory_ws/install/smart_factory_services/include/smart_factory_services/smart_factory_services/srv/detail/task_allocation__struct.hpp
[1.500s] -- Up-to-date symlink: /home/prethivi/ros2_ws/Smart_Factory/smart_factory_ws/install/smart_factory_services/include/smart_factory_services/smart_factory_services/srv/detail/task_allocation__traits.hpp
[1.500s] -- Up-to-date symlink: /home/prethivi/ros2_ws/Smart_Factory/smart_factory_ws/install/smart_factory_services/include/smart_factory_services/smart_factory_services/srv/detail/task_allocation__type_support.hpp
[1.500s] -- Up-to-date symlink: /home/prethivi/ros2_ws/Smart_Factory/smart_factory_ws/install/smart_factory_services/include/smart_factory_services/smart_factory_services/srv/task_allocation.hpp
[1.500s] -- Up-to-date symlink: /home/prethivi/ros2_ws/Smart_Factory/smart_factory_ws/install/smart_factory_services/include/smart_factory_services/smart_factory_services/msg/rosidl_typesupport_fastrtps_cpp__visibility_control.h
[1.500s] -- Up-to-date symlink: /home/prethivi/ros2_ws/Smart_Factory/smart_factory_ws/install/smart_factory_services/include/smart_factory_services/smart_factory_services/srv/detail/task_allocation__rosidl_typesupport_fastrtps_cpp.hpp
[1.500s] -- Up-to-date symlink: /home/prethivi/ros2_ws/Smart_Factory/smart_factory_ws/install/smart_factory_services/include/smart_factory_services/smart_factory_services/msg/rosidl_typesupport_introspection_c__visibility_control.h
[1.501s] -- Up-to-date symlink: /home/prethivi/ros2_ws/Smart_Factory/smart_factory_ws/install/smart_factory_services/include/smart_factory_services/smart_factory_services/srv/detail/task_allocation__rosidl_typesupport_introspection_c.h
[1.501s] -- Up-to-date symlink: /home/prethivi/ros2_ws/Smart_Factory/smart_factory_ws/install/smart_factory_services/include/smart_factory_services/smart_factory_services/srv/detail/task_allocation__rosidl_typesupport_introspection_cpp.hpp
[1.501s] -- Up-to-date symlink: /home/prethivi/ros2_ws/Smart_Factory/smart_factory_ws/install/smart_factory_services/share/smart_factory_services/environment/pythonpath.sh
[1.501s] -- Up-to-date symlink: /home/prethivi/ros2_ws/Smart_Factory/smart_factory_ws/install/smart_factory_services/share/smart_factory_services/environment/pythonpath.dsv
[1.501s] -- Up-to-date symlink: /home/prethivi/ros2_ws/Smart_Factory/smart_factory_ws/install/smart_factory_services/local/lib/python3.10/dist-packages/smart_factory_services-0.0.0-py3.10.egg-info/PKG-INFO
[1.502s] -- Up-to-date symlink: /home/prethivi/ros2_ws/Smart_Factory/smart_factory_ws/install/smart_factory_services/local/lib/python3.10/dist-packages/smart_factory_services-0.0.0-py3.10.egg-info/SOURCES.txt
[1.502s] -- Up-to-date symlink: /home/prethivi/ros2_ws/Smart_Factory/smart_factory_ws/install/smart_factory_services/local/lib/python3.10/dist-packages/smart_factory_services-0.0.0-py3.10.egg-info/dependency_links.txt
[1.502s] -- Up-to-date symlink: /home/prethivi/ros2_ws/Smart_Factory/smart_factory_ws/install/smart_factory_services/local/lib/python3.10/dist-packages/smart_factory_services-0.0.0-py3.10.egg-info/top_level.txt
[1.502s] -- Up-to-date symlink: /home/prethivi/ros2_ws/Smart_Factory/smart_factory_ws/install/smart_factory_services/local/lib/python3.10/dist-packages/smart_factory_services/__init__.py
[1.502s] -- Up-to-date symlink: /home/prethivi/ros2_ws/Smart_Factory/smart_factory_ws/install/smart_factory_services/local/lib/python3.10/dist-packages/smart_factory_services/_smart_factory_services_s.ep.rosidl_typesupport_c.c
[1.502s] -- Up-to-date symlink: /home/prethivi/ros2_ws/Smart_Factory/smart_factory_ws/install/smart_factory_services/local/lib/python3.10/dist-packages/smart_factory_services/_smart_factory_services_s.ep.rosidl_typesupport_fastrtps_c.c
[1.502s] -- Up-to-date symlink: /home/prethivi/ros2_ws/Smart_Factory/smart_factory_ws/install/smart_factory_services/local/lib/python3.10/dist-packages/smart_factory_services/_smart_factory_services_s.ep.rosidl_typesupport_introspection_c.c
[1.502s] -- Up-to-date symlink: /home/prethivi/ros2_ws/Smart_Factory/smart_factory_ws/install/smart_factory_services/local/lib/python3.10/dist-packages/smart_factory_services/libsmart_factory_services__rosidl_generator_py.so
[1.502s] -- Up-to-date symlink: /home/prethivi/ros2_ws/Smart_Factory/smart_factory_ws/install/smart_factory_services/local/lib/python3.10/dist-packages/smart_factory_services/smart_factory_services_s__rosidl_typesupport_c.cpython-310-x86_64-linux-gnu.so
[1.503s] -- Up-to-date symlink: /home/prethivi/ros2_ws/Smart_Factory/smart_factory_ws/install/smart_factory_services/local/lib/python3.10/dist-packages/smart_factory_services/smart_factory_services_s__rosidl_typesupport_fastrtps_c.cpython-310-x86_64-linux-gnu.so
[1.503s] -- Up-to-date symlink: /home/prethivi/ros2_ws/Smart_Factory/smart_factory_ws/install/smart_factory_services/local/lib/python3.10/dist-packages/smart_factory_services/smart_factory_services_s__rosidl_typesupport_introspection_c.cpython-310-x86_64-linux-gnu.so
[1.503s] -- Up-to-date symlink: /home/prethivi/ros2_ws/Smart_Factory/smart_factory_ws/install/smart_factory_services/local/lib/python3.10/dist-packages/smart_factory_services/srv/__init__.py
[1.503s] -- Up-to-date symlink: /home/prethivi/ros2_ws/Smart_Factory/smart_factory_ws/install/smart_factory_services/local/lib/python3.10/dist-packages/smart_factory_services/srv/_task_allocation.py
[1.503s] -- Up-to-date symlink: /home/prethivi/ros2_ws/Smart_Factory/smart_factory_ws/install/smart_factory_services/local/lib/python3.10/dist-packages/smart_factory_services/srv/_task_allocation_s.c
[1.503s] -- Up-to-date symlink: /home/prethivi/ros2_ws/Smart_Factory/smart_factory_ws/install/smart_factory_services/local/lib/python3.10/dist-packages/smart_factory_services/smart_factory_services_s__rosidl_typesupport_fastrtps_c.cpython-310-x86_64-linux-gnu.so
[1.503s] -- Up-to-date symlink: /home/prethivi/ros2_ws/Smart_Factory/smart_factory_ws/install/smart_factory_services/local/lib/python3.10/dist-packages/smart_factory_services/smart_factory_services_s__rosidl_typesupport_introspection_c.cpython-310-x86_64-linux-gnu.so
[1.504s] -- Up-to-date symlink: /home/prethivi/ros2_ws/Smart_Factory/smart_factory_ws/install/smart_factory_services/local/lib/python3.10/dist-packages/smart_factory_services/smart_factory_services_s__rosidl_typesupport_c.cpython-310-x86_64-linux-gnu.so
[1.504s] -- Up-to-date symlink: /home/prethivi/ros2_ws/Smart_Factory/smart_factory_ws/install/smart_factory_services/share/smart_factory_services/srv/TaskAllocation.idl
[1.504s] -- Up-to-date symlink: /home/prethivi/ros2_ws/Smart_Factory/smart_factory_ws/install/smart_factory_services/share/smart_factory_services/srv/TaskAllocation.srv
[1.504s] -- Up-to-date symlink: /home/prethivi/ros2_ws/Smart_Factory/smart_factory_ws/install/smart_factory_services/share/smart_factory_services/srv/TaskAllocation_Request.msg
[1.504s] -- Up-to-date symlink: /home/prethivi/ros2_ws/Smart_Factory/smart_factory_ws/install/smart_factory_services/share/smart_factory_services/srv/TaskAllocation_Response.msg
[1.504s] -- Up-to-date symlink: /home/prethivi/ros2_ws/Smart_Factory/smart_factory_ws/install/smart_factory_services/share/ament_index/resource_index/package_run_dependencies/smart_factory_services
[1.504s] -- Up-to-date symlink: /home/prethivi/ros2_ws/Smart_Factory/smart_factory_ws/install/smart_factory_services/share/ament_index/resource_index/parent_prefix_path/smart_factory_services
[1.504s] -- Up-to-date symlink: /home/prethivi/ros2_ws/Smart_Factory/smart_factory_ws/install/smart_factory_services/share/smart_factory_services/environment/ament_prefix_path.sh
[1.505s] -- Up-to-date symlink: /home/prethivi/ros2_ws/Smart_Factory/smart_factory_ws/install/smart_factory_services/share/smart_factory_services/environment/ament_prefix_path.dsv
[1.505s] -- Up-to-date symlink: /home/prethivi/ros2_ws/Smart_Factory/smart_factory_ws/install/smart_factory_services/share/smart_factory_services/environment/path.sh
[1.505s] -- Up-to-date symlink: /home/prethivi/ros2_ws/Smart_Factory/smart_factory_ws/install/smart_factory_services/share/smart_factory_services/environment/path.dsv
[1.505s] -- Up-to-date symlink: /home/prethivi/ros2_ws/Smart_Factory/smart_factory_ws/install/smart_factory_services/share/smart_factory_services/local_setup.bash
[1.505s] -- Up-to-date symlink: /home/prethivi/ros2_ws/Smart_Factory/smart_factory_ws/install/smart_factory_services/share/smart_factory_services/local_setup.sh
[1.505s] -- Up-to-date symlink: /home/prethivi/ros2_ws/Smart_Factory/smart_factory_ws/install/smart_factory_services/share/smart_factory_services/local_setup.zsh
[1.505s] -- Up-to-date symlink: /home/prethivi/ros2_ws/Smart_Factory/smart_factory_ws/install/smart_factory_services/share/smart_factory_services/local_setup.dsv
[1.505s] -- Symlinking: /home/prethivi/ros2_ws/Smart_Factory/smart_factory_ws/install/smart_factory_services/share/smart_factory_services/package.dsv
[1.515s] -- Up-to-date symlink: /home/prethivi/ros2_ws/Smart_Factory/smart_factory_ws/install/smart_factory_services/share/ament_index/resource_index/packages/smart_factory_services
[1.515s] -- Up-to-date symlink: /home/prethivi/ros2_ws/Smart_Factory/smart_factory_ws/install/smart_factory_services/share/smart_factory_services/cmake/rosidl_cmake-extras.cmake
[1.516s] -- Up-to-date symlink: /home/prethivi/ros2_ws/Smart_Factory/smart_factory_ws/install/smart_factory_services/share/smart_factory_services/cmake/ament_cmake_export_dependencies-extras.cmake
[1.516s] -- Up-to-date symlink: /home/prethivi/ros2_ws/Smart_Factory/smart_factory_ws/install/smart_factory_services/share/smart_factory_services/cmake/ament_cmake_export_include_directories-extras.cmake
[1.516s] -- Up-to-date symlink: /home/prethivi/ros2_ws/Smart_Factory/smart_factory_ws/install/smart_factory_services/share/smart_factory_services/cmake/ament_cmake_export_libraries-extras.cmake
[1.516s] -- Up-to-date symlink: /home/prethivi/ros2_ws/Smart_Factory/smart_factory_ws/install/smart_factory_services/share/smart_factory_services/cmake/ament_cmake_export_targets-extras.cmake
[1.516s] -- Up-to-date symlink: /home/prethivi/ros2_ws/Smart_Factory/smart_factory_ws/install/smart_factory_services/share/smart_factory_services/cmake/rosidl_cmake_export_typesupport_targets-extras.cmake
[1.516s] -- Up-to-date symlink: /home/prethivi/ros2_ws/Smart_Factory/smart_factory_ws/install/smart_factory_services/share/smart_factory_services/cmake/rosidl_cmake_export_typesupport_libraries-extras.cmake
[1.516s] -- Up-to-date symlink: /home/prethivi/ros2_ws/Smart_Factory/smart_factory_ws/install/smart_factory_services/share/smart_factory_services/cmake/smart_factory_servicesConfig.cmake
[1.516s] -- Up-to-date symlink: /home/prethivi/ros2_ws/Smart_Factory/smart_factory_ws/install/smart_factory_services/share/smart_factory_services/cmake/smart_factory_servicesConfig-version.cmake
[1.516s] -- Up-to-date symlink: /home/prethivi/ros2_ws/Smart_Factory/smart_factory_ws/install/smart_factory_services/share/smart_factory_services/package.xml
[1.517s] -- Up-to-date: /home/prethivi/ros2_ws/Smart_Factory/smart_factory_ws/install/smart_factory_services/lib/libsmart_factory_services__rosidl_generator_c.so
[1.518s] -- Up-to-date: /home/prethivi/ros2_ws/Smart_Factory/smart_factory_ws/install/smart_factory_services/lib/libsmart_factory_services__rosidl_typesupport_fastrtps_c.so
[1.518s] -- Up-to-date: /home/prethivi/ros2_ws/Smart_Factory/smart_factory_ws/install/smart_factory_services/lib/libsmart_factory_services__rosidl_typesupport_fastrtps_cpp.so
[1.519s] -- Up-to-date: /home/prethivi/ros2_ws/Smart_Factory/smart_factory_ws/install/smart_factory_services/lib/libsmart_factory_services__rosidl_typesupport_introspection_c.so
[1.520s] -- Up-to-date: /home/prethivi/ros2_ws/Smart_Factory/smart_factory_ws/install/smart_factory_services/lib/libsmart_factory_services__rosidl_typesupport_c.so
[1.521s] -- Up-to-date: /home/prethivi/ros2_ws/Smart_Factory/smart_factory_ws/install/smart_factory_services/lib/libsmart_factory_services__rosidl_typesupport_introspection_cpp.so
[1.521s] -- Up-to-date: /home/prethivi/ros2_ws/Smart_Factory/smart_factory_ws/install/smart_factory_services/lib/libsmart_factory_services__rosidl_typesupport_cpp.so
[1.551s] Listing '/home/prethivi/ros2_ws/Smart_Factory/smart_factory_ws/install/smart_factory_services/local/lib/python3.10/dist-packages/smart_factory_services'...
[1.551s] Compiling '/home/prethivi/ros2_ws/Smart_Factory/smart_factory_ws/install/smart_factory_services/local/lib/python3.10/dist-packages/smart_factory_services/__init__.py'...
[1.551s] Listing '/home/prethivi/ros2_ws/Smart_Factory/smart_factory_ws/install/smart_factory_services/local/lib/python3.10/dist-packages/smart_factory_services/srv'...
[1.555s] -- Up-to-date: /home/prethivi/ros2_ws/Smart_Factory/smart_factory_ws/install/smart_factory_services/lib/libsmart_factory_services__rosidl_generator_py.so
[1.555s] -- Up-to-date: /home/prethivi/ros2_ws/Smart_Factory/smart_factory_ws/install/smart_factory_services/share/smart_factory_services/cmake/export_smart_factory_services__rosidl_generator_cExport.cmake
[1.556s] -- Up-to-date: /home/prethivi/ros2_ws/Smart_Factory/smart_factory_ws/install/smart_factory_services/share/smart_factory_services/cmake/export_smart_factory_services__rosidl_generator_cExport-noconfig.cmake
[1.556s] -- Up-to-date: /home/prethivi/ros2_ws/Smart_Factory/smart_factory_ws/install/smart_factory_services/share/smart_factory_services/cmake/export_smart_factory_services__rosidl_typesupport_fastrtps_cExport.cmake
[1.556s] -- Up-to-date: /home/prethivi/ros2_ws/Smart_Factory/smart_factory_ws/install/smart_factory_services/share/smart_factory_services/cmake/export_smart_factory_services__rosidl_typesupport_fastrtps_cExport-noconfig.cmake
[1.556s] -- Up-to-date: /home/prethivi/ros2_ws/Smart_Factory/smart_factory_ws/install/smart_factory_services/share/smart_factory_services/cmake/export_smart_factory_services__rosidl_generator_cppExport.cmake
[1.556s] -- Up-to-date: /home/prethivi/ros2_ws/Smart_Factory/smart_factory_ws/install/smart_factory_services/share/smart_factory_services/cmake/export_smart_factory_services__rosidl_typesupport_fastrtps_cppExport.cmake
[1.557s] -- Up-to-date: /home/prethivi/ros2_ws/Smart_Factory/smart_factory_ws/install/smart_factory_services/share/smart_factory_services/cmake/export_smart_factory_services__rosidl_typesupport_fastrtps_cppExport-noconfig.cmake
[1.557s] -- Up-to-date: /home/prethivi/ros2_ws/Smart_Factory/smart_factory_ws/install/smart_factory_services/share/smart_factory_services/cmake/smart_factory_services__rosidl_typesupport_introspection_cExport.cmake
[1.557s] -- Up-to-date: /home/prethivi/ros2_ws/Smart_Factory/smart_factory_ws/install/smart_factory_services/share/smart_factory_services/cmake/smart_factory_services__rosidl_typesupport_introspection_cExport-noconfig.cmake
[1.557s] -- Up-to-date: /home/prethivi/ros2_ws/Smart_Factory/smart_factory_ws/install/smart_factory_services/share/smart_factory_services/cmake/smart_factory_services__rosidl_typesupport_cExport.cmake
[1.557s] -- Up-to-date: /home/prethivi/ros2_ws/Smart_Factory/smart_factory_ws/install/smart_factory_services/share/smart_factory_services/cmake/smart_factory_services__rosidl_typesupport_cExport-noconfig.cmake
[1.557s] -- Up-to-date: /home/prethivi/ros2_ws/Smart_Factory/smart_factory_ws/install/smart_factory_services/share/smart_factory_services/cmake/smart_factory_services__rosidl_typesupport_introspection_cppExport.cmake
[1.557s] -- Up-to-date: /home/prethivi/ros2_ws/Smart_Factory/smart_factory_ws/install/smart_factory_services/share/smart_factory_services/cmake/smart_factory_services__rosidl_typesupport_introspection_cppExport-noconfig.cmake
[1.557s] -- Up-to-date: /home/prethivi/ros2_ws/Smart_Factory/smart_factory_ws/install/smart_factory_services/share/smart_factory_services/cmake/smart_factory_services__rosidl_typesupport_cppExport.cmake
[1.557s] -- Up-to-date: /home/prethivi/ros2_ws/Smart_Factory/smart_factory_ws/install/smart_factory_services/share/smart_factory_services/cmake/smart_factory_services__rosidl_typesupport_cppExport-noconfig.cmake
[1.557s] -- Up-to-date: /home/prethivi/ros2_ws/Smart_Factory/smart_factory_ws/install/smart_factory_services/share/smart_factory_services/cmake/export_smart_factory_services__rosidl_generator_pyExport.cmake
[1.558s] -- Up-to-date: /home/prethivi/ros2_ws/Smart_Factory/smart_factory_ws/install/smart_factory_services/share/smart_factory_services/cmake/export_smart_factory_services__rosidl_generator_pyExport-noconfig.cmake
[1.560s] Invoked command in '/home/prethivi/ros2_ws/Smart_Factory/smart_factory_ws/build/smart_factory_services' returned '0': CMAKE_PREFIX_PATH=${CMAKE_PREFIX_PATH}:/home/prethivi/ros2_ws/Smart_Factory/smart_factory_ws/install/smart_factory_simulations:/home/prethivi/ros2_ws/Smart_Factory/smart_factory_ws/install/smart_factory_bringup:/home/prethivi/ros2_ws/Smart_Factory/smart_factory_ws/install/smart_factory:/opt/ros/humble /usr/bin/cmake --install /home/prethivi/ros2_ws/Smart_Factory/smart_factory_ws/build/smart_factory_services
