[0.850s] Invoking command in '/home/prethivi/ros2_ws/Smart_Factory/smart_factory_ws/src/smart_factory_simulations': AMENT_PREFIX_PATH=/home/prethivi/ros2_ws/Smart_Factory/smart_factory_ws/install/smart_factory:/home/prethivi/ros2_ws/Smart_Factory/smart_factory_ws/install/smart_factory_simulations:/home/prethivi/ros2_ws/Smart_Factory/smart_factory_ws/install/turtlebot3_multi_robot:/home/prethivi/ros2_ws/Smart_Factory/smart_factory_ws/install/smart_factory_bringup:/home/prethivi/ros2_ws/Smart_Factory/smart_factory_ws/install/smart_factory_services:/opt/ros/humble LD_LIBRARY_PATH=/home/prethivi/ros2_ws/Smart_Factory/smart_factory_ws/install/smart_factory_services/lib:/usr/lib/x86_64-linux-gnu/gazebo-11/plugins:/opt/ros/humble/opt/rviz_ogre_vendor/lib:/opt/ros/humble/lib/x86_64-linux-gnu:/opt/ros/humble/lib:/usr/lib/x86_64-linux-gnu/gazebo-11/plugins:/usr/lib/x86_64-linux-gnu/gazebo-11/plugins:/usr/lib/x86_64-linux-gnu/gazebo-11/plugins PYTHONPATH=/home/prethivi/ros2_ws/Smart_Factory/smart_factory_ws/build/smart_factory_simulations/prefix_override:/usr/lib/python3/dist-packages/colcon_core/task/python/colcon_distutils_commands:/home/prethivi/ros2_ws/Smart_Factory/smart_factory_ws/install/smart_factory_simulations/lib/python3.10/site-packages:/home/prethivi/ros2_ws/Smart_Factory/smart_factory_ws/install/smart_factory/lib/python3.10/site-packages:/home/prethivi/ros2_ws/Smart_Factory/smart_factory_ws/install/smart_factory_simulations/lib/python3.10/site-packages:/home/prethivi/ros2_ws/Smart_Factory/smart_factory_ws/install/smart_factory_bringup/lib/python3.10/site-packages:/home/prethivi/ros2_ws/Smart_Factory/smart_factory_ws/install/smart_factory_services/local/lib/python3.10/dist-packages:/opt/ros/humble/lib/python3.10/site-packages:/opt/ros/humble/local/lib/python3.10/dist-packages /usr/bin/python3 -W ignore:setup.py install is deprecated -W ignore:easy_install command is deprecated setup.py egg_info --egg-base ../../build/smart_factory_simulations build --build-base /home/prethivi/ros2_ws/Smart_Factory/smart_factory_ws/build/smart_factory_simulations/build install --record /home/prethivi/ros2_ws/Smart_Factory/smart_factory_ws/build/smart_factory_simulations/install.log --single-version-externally-managed install_data
[1.070s] running egg_info
[1.070s] writing ../../build/smart_factory_simulations/smart_factory_simulations.egg-info/PKG-INFO
[1.070s] writing dependency_links to ../../build/smart_factory_simulations/smart_factory_simulations.egg-info/dependency_links.txt
[1.071s] writing entry points to ../../build/smart_factory_simulations/smart_factory_simulations.egg-info/entry_points.txt
[1.071s] writing requirements to ../../build/smart_factory_simulations/smart_factory_simulations.egg-info/requires.txt
[1.071s] writing top-level names to ../../build/smart_factory_simulations/smart_factory_simulations.egg-info/top_level.txt
[1.074s] reading manifest file '../../build/smart_factory_simulations/smart_factory_simulations.egg-info/SOURCES.txt'
[1.075s] writing manifest file '../../build/smart_factory_simulations/smart_factory_simulations.egg-info/SOURCES.txt'
[1.075s] running build
[1.075s] running build_py
[1.076s] running install
[1.076s] running install_lib
[1.078s] running install_data
[1.078s] running install_egg_info
[1.080s] removing '/home/prethivi/ros2_ws/Smart_Factory/smart_factory_ws/install/smart_factory_simulations/lib/python3.10/site-packages/smart_factory_simulations-0.0.0-py3.10.egg-info' (and everything under it)
[1.080s] Copying ../../build/smart_factory_simulations/smart_factory_simulations.egg-info to /home/prethivi/ros2_ws/Smart_Factory/smart_factory_ws/install/smart_factory_simulations/lib/python3.10/site-packages/smart_factory_simulations-0.0.0-py3.10.egg-info
[1.081s] running install_scripts
[1.101s] Installing goals_assigner script to /home/prethivi/ros2_ws/Smart_Factory/smart_factory_ws/install/smart_factory_simulations/lib/smart_factory_simulations
[1.102s] Installing move_to_object script to /home/prethivi/ros2_ws/Smart_Factory/smart_factory_ws/install/smart_factory_simulations/lib/smart_factory_simulations
[1.102s] Installing robot_bringup script to /home/prethivi/ros2_ws/Smart_Factory/smart_factory_ws/install/smart_factory_simulations/lib/smart_factory_simulations
[1.102s] Installing stop_robot script to /home/prethivi/ros2_ws/Smart_Factory/smart_factory_ws/install/smart_factory_simulations/lib/smart_factory_simulations
[1.102s] writing list of installed files to '/home/prethivi/ros2_ws/Smart_Factory/smart_factory_ws/build/smart_factory_simulations/install.log'
[1.137s] Invoked command in '/home/prethivi/ros2_ws/Smart_Factory/smart_factory_ws/src/smart_factory_simulations' returned '0': AMENT_PREFIX_PATH=/home/prethivi/ros2_ws/Smart_Factory/smart_factory_ws/install/smart_factory:/home/prethivi/ros2_ws/Smart_Factory/smart_factory_ws/install/smart_factory_simulations:/home/prethivi/ros2_ws/Smart_Factory/smart_factory_ws/install/turtlebot3_multi_robot:/home/prethivi/ros2_ws/Smart_Factory/smart_factory_ws/install/smart_factory_bringup:/home/prethivi/ros2_ws/Smart_Factory/smart_factory_ws/install/smart_factory_services:/opt/ros/humble LD_LIBRARY_PATH=/home/prethivi/ros2_ws/Smart_Factory/smart_factory_ws/install/smart_factory_services/lib:/usr/lib/x86_64-linux-gnu/gazebo-11/plugins:/opt/ros/humble/opt/rviz_ogre_vendor/lib:/opt/ros/humble/lib/x86_64-linux-gnu:/opt/ros/humble/lib:/usr/lib/x86_64-linux-gnu/gazebo-11/plugins:/usr/lib/x86_64-linux-gnu/gazebo-11/plugins:/usr/lib/x86_64-linux-gnu/gazebo-11/plugins PYTHONPATH=/home/prethivi/ros2_ws/Smart_Factory/smart_factory_ws/build/smart_factory_simulations/prefix_override:/usr/lib/python3/dist-packages/colcon_core/task/python/colcon_distutils_commands:/home/prethivi/ros2_ws/Smart_Factory/smart_factory_ws/install/smart_factory_simulations/lib/python3.10/site-packages:/home/prethivi/ros2_ws/Smart_Factory/smart_factory_ws/install/smart_factory/lib/python3.10/site-packages:/home/prethivi/ros2_ws/Smart_Factory/smart_factory_ws/install/smart_factory_simulations/lib/python3.10/site-packages:/home/prethivi/ros2_ws/Smart_Factory/smart_factory_ws/install/smart_factory_bringup/lib/python3.10/site-packages:/home/prethivi/ros2_ws/Smart_Factory/smart_factory_ws/install/smart_factory_services/local/lib/python3.10/dist-packages:/opt/ros/humble/lib/python3.10/site-packages:/opt/ros/humble/local/lib/python3.10/dist-packages /usr/bin/python3 -W ignore:setup.py install is deprecated -W ignore:easy_install command is deprecated setup.py egg_info --egg-base ../../build/smart_factory_simulations build --build-base /home/prethivi/ros2_ws/Smart_Factory/smart_factory_ws/build/smart_factory_simulations/build install --record /home/prethivi/ros2_ws/Smart_Factory/smart_factory_ws/build/smart_factory_simulations/install.log --single-version-externally-managed install_data
