[0.486s] Invoking command in '/home/prethivi/ros2_ws/Smart_Factory/smart_factory_ws/src/smart_factory': PYTHONPATH=/home/prethivi/ros2_ws/Smart_Factory/smart_factory_ws/src/smart_factory/build/smart_factory/prefix_override:/usr/lib/python3/dist-packages/colcon_core/task/python/colcon_distutils_commands:/home/prethivi/ros2_ws/Smart_Factory/smart_factory_ws/src/smart_factory/install/smart_factory/lib/python3.10/site-packages:${PYTHONPATH} /usr/bin/python3 -W ignore:setup.py install is deprecated -W ignore:easy_install command is deprecated setup.py egg_info --egg-base build/smart_factory build --build-base /home/prethivi/ros2_ws/Smart_Factory/smart_factory_ws/src/smart_factory/build/smart_factory/build install --record /home/prethivi/ros2_ws/Smart_Factory/smart_factory_ws/src/smart_factory/build/smart_factory/install.log --single-version-externally-managed install_data
[0.670s] running egg_info
[0.671s] creating build/smart_factory/smart_factory.egg-info
[0.671s] writing build/smart_factory/smart_factory.egg-info/PKG-INFO
[0.671s] writing dependency_links to build/smart_factory/smart_factory.egg-info/dependency_links.txt
[0.671s] writing entry points to build/smart_factory/smart_factory.egg-info/entry_points.txt
[0.671s] writing requirements to build/smart_factory/smart_factory.egg-info/requires.txt
[0.671s] writing top-level names to build/smart_factory/smart_factory.egg-info/top_level.txt
[0.672s] writing manifest file 'build/smart_factory/smart_factory.egg-info/SOURCES.txt'
[0.674s] reading manifest file 'build/smart_factory/smart_factory.egg-info/SOURCES.txt'
[0.675s] writing manifest file 'build/smart_factory/smart_factory.egg-info/SOURCES.txt'
[0.675s] running build
[0.675s] running build_py
[0.675s] creating /home/prethivi/ros2_ws/Smart_Factory/smart_factory_ws/src/smart_factory/build/smart_factory/build
[0.675s] creating /home/prethivi/ros2_ws/Smart_Factory/smart_factory_ws/src/smart_factory/build/smart_factory/build/lib
[0.675s] creating /home/prethivi/ros2_ws/Smart_Factory/smart_factory_ws/src/smart_factory/build/smart_factory/build/lib/smart_factory
[0.675s] copying smart_factory/get_position.py -> /home/prethivi/ros2_ws/Smart_Factory/smart_factory_ws/src/smart_factory/build/smart_factory/build/lib/smart_factory
[0.675s] copying smart_factory/map_publisher.py -> /home/prethivi/ros2_ws/Smart_Factory/smart_factory_ws/src/smart_factory/build/smart_factory/build/lib/smart_factory
[0.675s] copying smart_factory/camera_classifier.py -> /home/prethivi/ros2_ws/Smart_Factory/smart_factory_ws/src/smart_factory/build/smart_factory/build/lib/smart_factory
[0.675s] copying smart_factory/go_to_goal.py -> /home/prethivi/ros2_ws/Smart_Factory/smart_factory_ws/src/smart_factory/build/smart_factory/build/lib/smart_factory
[0.675s] copying smart_factory/robot_status_service.py -> /home/prethivi/ros2_ws/Smart_Factory/smart_factory_ws/src/smart_factory/build/smart_factory/build/lib/smart_factory
[0.675s] copying smart_factory/image_capture.py -> /home/prethivi/ros2_ws/Smart_Factory/smart_factory_ws/src/smart_factory/build/smart_factory/build/lib/smart_factory
[0.676s] copying smart_factory/nav_thro_pose.py -> /home/prethivi/ros2_ws/Smart_Factory/smart_factory_ws/src/smart_factory/build/smart_factory/build/lib/smart_factory
[0.676s] copying smart_factory/move_to_object.py -> /home/prethivi/ros2_ws/Smart_Factory/smart_factory_ws/src/smart_factory/build/smart_factory/build/lib/smart_factory
[0.676s] copying smart_factory/robot_1_client.py -> /home/prethivi/ros2_ws/Smart_Factory/smart_factory_ws/src/smart_factory/build/smart_factory/build/lib/smart_factory
[0.676s] copying smart_factory/camera_object.py -> /home/prethivi/ros2_ws/Smart_Factory/smart_factory_ws/src/smart_factory/build/smart_factory/build/lib/smart_factory
[0.676s] copying smart_factory/goals_assigner.py -> /home/prethivi/ros2_ws/Smart_Factory/smart_factory_ws/src/smart_factory/build/smart_factory/build/lib/smart_factory
[0.676s] copying smart_factory/path_planning.py -> /home/prethivi/ros2_ws/Smart_Factory/smart_factory_ws/src/smart_factory/build/smart_factory/build/lib/smart_factory
[0.676s] copying smart_factory/nav_to_pose.py -> /home/prethivi/ros2_ws/Smart_Factory/smart_factory_ws/src/smart_factory/build/smart_factory/build/lib/smart_factory
[0.676s] copying smart_factory/detect_object.py -> /home/prethivi/ros2_ws/Smart_Factory/smart_factory_ws/src/smart_factory/build/smart_factory/build/lib/smart_factory
[0.676s] copying smart_factory/__init__.py -> /home/prethivi/ros2_ws/Smart_Factory/smart_factory_ws/src/smart_factory/build/smart_factory/build/lib/smart_factory
[0.676s] copying smart_factory/yolomodel.py -> /home/prethivi/ros2_ws/Smart_Factory/smart_factory_ws/src/smart_factory/build/smart_factory/build/lib/smart_factory
[0.676s] copying smart_factory/camera_info.py -> /home/prethivi/ros2_ws/Smart_Factory/smart_factory_ws/src/smart_factory/build/smart_factory/build/lib/smart_factory
[0.676s] copying smart_factory/camera_distance.py -> /home/prethivi/ros2_ws/Smart_Factory/smart_factory_ws/src/smart_factory/build/smart_factory/build/lib/smart_factory
[0.677s] copying smart_factory/camera_publisher.py -> /home/prethivi/ros2_ws/Smart_Factory/smart_factory_ws/src/smart_factory/build/smart_factory/build/lib/smart_factory
[0.677s] copying smart_factory/nav_to_pose_test.py -> /home/prethivi/ros2_ws/Smart_Factory/smart_factory_ws/src/smart_factory/build/smart_factory/build/lib/smart_factory
[0.677s] copying smart_factory/robot_2_client.py -> /home/prethivi/ros2_ws/Smart_Factory/smart_factory_ws/src/smart_factory/build/smart_factory/build/lib/smart_factory
[0.677s] copying smart_factory/request_goal.py -> /home/prethivi/ros2_ws/Smart_Factory/smart_factory_ws/src/smart_factory/build/smart_factory/build/lib/smart_factory
[0.677s] running install
[0.677s] running install_lib
[0.678s] creating /home/prethivi/ros2_ws/Smart_Factory/smart_factory_ws/src/smart_factory/install/smart_factory/lib/python3.10/site-packages/smart_factory
[0.678s] copying /home/prethivi/ros2_ws/Smart_Factory/smart_factory_ws/src/smart_factory/build/smart_factory/build/lib/smart_factory/get_position.py -> /home/prethivi/ros2_ws/Smart_Factory/smart_factory_ws/src/smart_factory/install/smart_factory/lib/python3.10/site-packages/smart_factory
[0.678s] copying /home/prethivi/ros2_ws/Smart_Factory/smart_factory_ws/src/smart_factory/build/smart_factory/build/lib/smart_factory/map_publisher.py -> /home/prethivi/ros2_ws/Smart_Factory/smart_factory_ws/src/smart_factory/install/smart_factory/lib/python3.10/site-packages/smart_factory
[0.678s] copying /home/prethivi/ros2_ws/Smart_Factory/smart_factory_ws/src/smart_factory/build/smart_factory/build/lib/smart_factory/camera_classifier.py -> /home/prethivi/ros2_ws/Smart_Factory/smart_factory_ws/src/smart_factory/install/smart_factory/lib/python3.10/site-packages/smart_factory
[0.678s] copying /home/prethivi/ros2_ws/Smart_Factory/smart_factory_ws/src/smart_factory/build/smart_factory/build/lib/smart_factory/go_to_goal.py -> /home/prethivi/ros2_ws/Smart_Factory/smart_factory_ws/src/smart_factory/install/smart_factory/lib/python3.10/site-packages/smart_factory
[0.678s] copying /home/prethivi/ros2_ws/Smart_Factory/smart_factory_ws/src/smart_factory/build/smart_factory/build/lib/smart_factory/robot_status_service.py -> /home/prethivi/ros2_ws/Smart_Factory/smart_factory_ws/src/smart_factory/install/smart_factory/lib/python3.10/site-packages/smart_factory
[0.679s] copying /home/prethivi/ros2_ws/Smart_Factory/smart_factory_ws/src/smart_factory/build/smart_factory/build/lib/smart_factory/image_capture.py -> /home/prethivi/ros2_ws/Smart_Factory/smart_factory_ws/src/smart_factory/install/smart_factory/lib/python3.10/site-packages/smart_factory
[0.679s] copying /home/prethivi/ros2_ws/Smart_Factory/smart_factory_ws/src/smart_factory/build/smart_factory/build/lib/smart_factory/nav_thro_pose.py -> /home/prethivi/ros2_ws/Smart_Factory/smart_factory_ws/src/smart_factory/install/smart_factory/lib/python3.10/site-packages/smart_factory
[0.679s] copying /home/prethivi/ros2_ws/Smart_Factory/smart_factory_ws/src/smart_factory/build/smart_factory/build/lib/smart_factory/move_to_object.py -> /home/prethivi/ros2_ws/Smart_Factory/smart_factory_ws/src/smart_factory/install/smart_factory/lib/python3.10/site-packages/smart_factory
[0.679s] copying /home/prethivi/ros2_ws/Smart_Factory/smart_factory_ws/src/smart_factory/build/smart_factory/build/lib/smart_factory/robot_1_client.py -> /home/prethivi/ros2_ws/Smart_Factory/smart_factory_ws/src/smart_factory/install/smart_factory/lib/python3.10/site-packages/smart_factory
[0.679s] copying /home/prethivi/ros2_ws/Smart_Factory/smart_factory_ws/src/smart_factory/build/smart_factory/build/lib/smart_factory/camera_object.py -> /home/prethivi/ros2_ws/Smart_Factory/smart_factory_ws/src/smart_factory/install/smart_factory/lib/python3.10/site-packages/smart_factory
[0.679s] copying /home/prethivi/ros2_ws/Smart_Factory/smart_factory_ws/src/smart_factory/build/smart_factory/build/lib/smart_factory/goals_assigner.py -> /home/prethivi/ros2_ws/Smart_Factory/smart_factory_ws/src/smart_factory/install/smart_factory/lib/python3.10/site-packages/smart_factory
[0.679s] copying /home/prethivi/ros2_ws/Smart_Factory/smart_factory_ws/src/smart_factory/build/smart_factory/build/lib/smart_factory/path_planning.py -> /home/prethivi/ros2_ws/Smart_Factory/smart_factory_ws/src/smart_factory/install/smart_factory/lib/python3.10/site-packages/smart_factory
[0.679s] copying /home/prethivi/ros2_ws/Smart_Factory/smart_factory_ws/src/smart_factory/build/smart_factory/build/lib/smart_factory/nav_to_pose.py -> /home/prethivi/ros2_ws/Smart_Factory/smart_factory_ws/src/smart_factory/install/smart_factory/lib/python3.10/site-packages/smart_factory
[0.679s] copying /home/prethivi/ros2_ws/Smart_Factory/smart_factory_ws/src/smart_factory/build/smart_factory/build/lib/smart_factory/detect_object.py -> /home/prethivi/ros2_ws/Smart_Factory/smart_factory_ws/src/smart_factory/install/smart_factory/lib/python3.10/site-packages/smart_factory
[0.679s] copying /home/prethivi/ros2_ws/Smart_Factory/smart_factory_ws/src/smart_factory/build/smart_factory/build/lib/smart_factory/__init__.py -> /home/prethivi/ros2_ws/Smart_Factory/smart_factory_ws/src/smart_factory/install/smart_factory/lib/python3.10/site-packages/smart_factory
[0.679s] copying /home/prethivi/ros2_ws/Smart_Factory/smart_factory_ws/src/smart_factory/build/smart_factory/build/lib/smart_factory/yolomodel.py -> /home/prethivi/ros2_ws/Smart_Factory/smart_factory_ws/src/smart_factory/install/smart_factory/lib/python3.10/site-packages/smart_factory
[0.679s] copying /home/prethivi/ros2_ws/Smart_Factory/smart_factory_ws/src/smart_factory/build/smart_factory/build/lib/smart_factory/camera_info.py -> /home/prethivi/ros2_ws/Smart_Factory/smart_factory_ws/src/smart_factory/install/smart_factory/lib/python3.10/site-packages/smart_factory
[0.679s] copying /home/prethivi/ros2_ws/Smart_Factory/smart_factory_ws/src/smart_factory/build/smart_factory/build/lib/smart_factory/camera_distance.py -> /home/prethivi/ros2_ws/Smart_Factory/smart_factory_ws/src/smart_factory/install/smart_factory/lib/python3.10/site-packages/smart_factory
[0.679s] copying /home/prethivi/ros2_ws/Smart_Factory/smart_factory_ws/src/smart_factory/build/smart_factory/build/lib/smart_factory/camera_publisher.py -> /home/prethivi/ros2_ws/Smart_Factory/smart_factory_ws/src/smart_factory/install/smart_factory/lib/python3.10/site-packages/smart_factory
[0.680s] copying /home/prethivi/ros2_ws/Smart_Factory/smart_factory_ws/src/smart_factory/build/smart_factory/build/lib/smart_factory/nav_to_pose_test.py -> /home/prethivi/ros2_ws/Smart_Factory/smart_factory_ws/src/smart_factory/install/smart_factory/lib/python3.10/site-packages/smart_factory
[0.680s] copying /home/prethivi/ros2_ws/Smart_Factory/smart_factory_ws/src/smart_factory/build/smart_factory/build/lib/smart_factory/robot_2_client.py -> /home/prethivi/ros2_ws/Smart_Factory/smart_factory_ws/src/smart_factory/install/smart_factory/lib/python3.10/site-packages/smart_factory
[0.680s] copying /home/prethivi/ros2_ws/Smart_Factory/smart_factory_ws/src/smart_factory/build/smart_factory/build/lib/smart_factory/request_goal.py -> /home/prethivi/ros2_ws/Smart_Factory/smart_factory_ws/src/smart_factory/install/smart_factory/lib/python3.10/site-packages/smart_factory
[0.680s] byte-compiling /home/prethivi/ros2_ws/Smart_Factory/smart_factory_ws/src/smart_factory/install/smart_factory/lib/python3.10/site-packages/smart_factory/get_position.py to get_position.cpython-310.pyc
[0.680s] byte-compiling /home/prethivi/ros2_ws/Smart_Factory/smart_factory_ws/src/smart_factory/install/smart_factory/lib/python3.10/site-packages/smart_factory/map_publisher.py to map_publisher.cpython-310.pyc
[0.680s] byte-compiling /home/prethivi/ros2_ws/Smart_Factory/smart_factory_ws/src/smart_factory/install/smart_factory/lib/python3.10/site-packages/smart_factory/camera_classifier.py to camera_classifier.cpython-310.pyc
[0.681s] byte-compiling /home/prethivi/ros2_ws/Smart_Factory/smart_factory_ws/src/smart_factory/install/smart_factory/lib/python3.10/site-packages/smart_factory/go_to_goal.py to go_to_goal.cpython-310.pyc
[0.681s] byte-compiling /home/prethivi/ros2_ws/Smart_Factory/smart_factory_ws/src/smart_factory/install/smart_factory/lib/python3.10/site-packages/smart_factory/robot_status_service.py to robot_status_service.cpython-310.pyc
[0.681s] byte-compiling /home/prethivi/ros2_ws/Smart_Factory/smart_factory_ws/src/smart_factory/install/smart_factory/lib/python3.10/site-packages/smart_factory/image_capture.py to image_capture.cpython-310.pyc
[0.682s] byte-compiling /home/prethivi/ros2_ws/Smart_Factory/smart_factory_ws/src/smart_factory/install/smart_factory/lib/python3.10/site-packages/smart_factory/nav_thro_pose.py to nav_thro_pose.cpython-310.pyc
[0.682s] byte-compiling /home/prethivi/ros2_ws/Smart_Factory/smart_factory_ws/src/smart_factory/install/smart_factory/lib/python3.10/site-packages/smart_factory/move_to_object.py to move_to_object.cpython-310.pyc
[0.683s] byte-compiling /home/prethivi/ros2_ws/Smart_Factory/smart_factory_ws/src/smart_factory/install/smart_factory/lib/python3.10/site-packages/smart_factory/robot_1_client.py to robot_1_client.cpython-310.pyc
[0.683s] byte-compiling /home/prethivi/ros2_ws/Smart_Factory/smart_factory_ws/src/smart_factory/install/smart_factory/lib/python3.10/site-packages/smart_factory/camera_object.py to camera_object.cpython-310.pyc
[0.684s] byte-compiling /home/prethivi/ros2_ws/Smart_Factory/smart_factory_ws/src/smart_factory/install/smart_factory/lib/python3.10/site-packages/smart_factory/goals_assigner.py to goals_assigner.cpython-310.pyc
[0.684s] byte-compiling /home/prethivi/ros2_ws/Smart_Factory/smart_factory_ws/src/smart_factory/install/smart_factory/lib/python3.10/site-packages/smart_factory/path_planning.py to path_planning.cpython-310.pyc
[0.686s] byte-compiling /home/prethivi/ros2_ws/Smart_Factory/smart_factory_ws/src/smart_factory/install/smart_factory/lib/python3.10/site-packages/smart_factory/nav_to_pose.py to nav_to_pose.cpython-310.pyc
[0.686s] byte-compiling /home/prethivi/ros2_ws/Smart_Factory/smart_factory_ws/src/smart_factory/install/smart_factory/lib/python3.10/site-packages/smart_factory/detect_object.py to detect_object.cpython-310.pyc
[0.687s] byte-compiling /home/prethivi/ros2_ws/Smart_Factory/smart_factory_ws/src/smart_factory/install/smart_factory/lib/python3.10/site-packages/smart_factory/__init__.py to __init__.cpython-310.pyc
[0.687s] byte-compiling /home/prethivi/ros2_ws/Smart_Factory/smart_factory_ws/src/smart_factory/install/smart_factory/lib/python3.10/site-packages/smart_factory/yolomodel.py to yolomodel.cpython-310.pyc
[0.687s] byte-compiling /home/prethivi/ros2_ws/Smart_Factory/smart_factory_ws/src/smart_factory/install/smart_factory/lib/python3.10/site-packages/smart_factory/camera_info.py to camera_info.cpython-310.pyc
[0.687s] byte-compiling /home/prethivi/ros2_ws/Smart_Factory/smart_factory_ws/src/smart_factory/install/smart_factory/lib/python3.10/site-packages/smart_factory/camera_distance.py to camera_distance.cpython-310.pyc
[0.687s] byte-compiling /home/prethivi/ros2_ws/Smart_Factory/smart_factory_ws/src/smart_factory/install/smart_factory/lib/python3.10/site-packages/smart_factory/camera_publisher.py to camera_publisher.cpython-310.pyc
[0.688s] byte-compiling /home/prethivi/ros2_ws/Smart_Factory/smart_factory_ws/src/smart_factory/install/smart_factory/lib/python3.10/site-packages/smart_factory/nav_to_pose_test.py to nav_to_pose_test.cpython-310.pyc
[0.688s] byte-compiling /home/prethivi/ros2_ws/Smart_Factory/smart_factory_ws/src/smart_factory/install/smart_factory/lib/python3.10/site-packages/smart_factory/robot_2_client.py to robot_2_client.cpython-310.pyc
[0.688s] byte-compiling /home/prethivi/ros2_ws/Smart_Factory/smart_factory_ws/src/smart_factory/install/smart_factory/lib/python3.10/site-packages/smart_factory/request_goal.py to request_goal.cpython-310.pyc
[0.689s] running install_data
[0.689s] creating /home/prethivi/ros2_ws/Smart_Factory/smart_factory_ws/src/smart_factory/install/smart_factory/share/ament_index
[0.689s] creating /home/prethivi/ros2_ws/Smart_Factory/smart_factory_ws/src/smart_factory/install/smart_factory/share/ament_index/resource_index
[0.689s] creating /home/prethivi/ros2_ws/Smart_Factory/smart_factory_ws/src/smart_factory/install/smart_factory/share/ament_index/resource_index/packages
[0.689s] copying resource/smart_factory -> /home/prethivi/ros2_ws/Smart_Factory/smart_factory_ws/src/smart_factory/install/smart_factory/share/ament_index/resource_index/packages
[0.689s] copying package.xml -> /home/prethivi/ros2_ws/Smart_Factory/smart_factory_ws/src/smart_factory/install/smart_factory/share/smart_factory
[0.689s] creating /home/prethivi/ros2_ws/Smart_Factory/smart_factory_ws/src/smart_factory/install/smart_factory/share/smart_factory/launch
[0.689s] copying launch/multi_robot_nav.launch.py -> /home/prethivi/ros2_ws/Smart_Factory/smart_factory_ws/src/smart_factory/install/smart_factory/share/smart_factory/launch
[0.689s] copying launch/localization_launch.py -> /home/prethivi/ros2_ws/Smart_Factory/smart_factory_ws/src/smart_factory/install/smart_factory/share/smart_factory/launch
[0.689s] copying launch/multi_robot.launch.py -> /home/prethivi/ros2_ws/Smart_Factory/smart_factory_ws/src/smart_factory/install/smart_factory/share/smart_factory/launch
[0.689s] copying launch/robot_state_publisher_2.launch.py -> /home/prethivi/ros2_ws/Smart_Factory/smart_factory_ws/src/smart_factory/install/smart_factory/share/smart_factory/launch
[0.689s] copying launch/warehouse_world.launch.py -> /home/prethivi/ros2_ws/Smart_Factory/smart_factory_ws/src/smart_factory/install/smart_factory/share/smart_factory/launch
[0.689s] copying launch/perception_moverobot.launch.py -> /home/prethivi/ros2_ws/Smart_Factory/smart_factory_ws/src/smart_factory/install/smart_factory/share/smart_factory/launch
[0.690s] copying launch/multirobot.launch.py -> /home/prethivi/ros2_ws/Smart_Factory/smart_factory_ws/src/smart_factory/install/smart_factory/share/smart_factory/launch
[0.690s] copying launch/multi_spawn_turtlebot3.launch.py -> /home/prethivi/ros2_ws/Smart_Factory/smart_factory_ws/src/smart_factory/install/smart_factory/share/smart_factory/launch
[0.690s] copying launch/bringup_launch.py -> /home/prethivi/ros2_ws/Smart_Factory/smart_factory_ws/src/smart_factory/install/smart_factory/share/smart_factory/launch
[0.690s] copying launch/perception.launch.py -> /home/prethivi/ros2_ws/Smart_Factory/smart_factory_ws/src/smart_factory/install/smart_factory/share/smart_factory/launch
[0.690s] copying launch/robot_bringup.launch.py -> /home/prethivi/ros2_ws/Smart_Factory/smart_factory_ws/src/smart_factory/install/smart_factory/share/smart_factory/launch
[0.690s] copying launch/spawn_turtlebot3_1.launch.py -> /home/prethivi/ros2_ws/Smart_Factory/smart_factory_ws/src/smart_factory/install/smart_factory/share/smart_factory/launch
[0.690s] copying launch/smart_factory.launch.py -> /home/prethivi/ros2_ws/Smart_Factory/smart_factory_ws/src/smart_factory/install/smart_factory/share/smart_factory/launch
[0.690s] copying launch/multi_nav.launch.py -> /home/prethivi/ros2_ws/Smart_Factory/smart_factory_ws/src/smart_factory/install/smart_factory/share/smart_factory/launch
[0.690s] copying launch/slam_mapping.launch.py -> /home/prethivi/ros2_ws/Smart_Factory/smart_factory_ws/src/smart_factory/install/smart_factory/share/smart_factory/launch
[0.690s] copying launch/simple_world.launch.py -> /home/prethivi/ros2_ws/Smart_Factory/smart_factory_ws/src/smart_factory/install/smart_factory/share/smart_factory/launch
[0.690s] copying launch/multi_robot_navigation.launch.py -> /home/prethivi/ros2_ws/Smart_Factory/smart_factory_ws/src/smart_factory/install/smart_factory/share/smart_factory/launch
[0.690s] copying launch/online_async_launch.py -> /home/prethivi/ros2_ws/Smart_Factory/smart_factory_ws/src/smart_factory/install/smart_factory/share/smart_factory/launch
[0.690s] copying launch/multi_localisation.launch.py -> /home/prethivi/ros2_ws/Smart_Factory/smart_factory_ws/src/smart_factory/install/smart_factory/share/smart_factory/launch
[0.690s] copying launch/robot_state_publisher_1.launch.py -> /home/prethivi/ros2_ws/Smart_Factory/smart_factory_ws/src/smart_factory/install/smart_factory/share/smart_factory/launch
[0.691s] copying launch/spawn_turtlebot3_2.launch.py -> /home/prethivi/ros2_ws/Smart_Factory/smart_factory_ws/src/smart_factory/install/smart_factory/share/smart_factory/launch
[0.691s] creating /home/prethivi/ros2_ws/Smart_Factory/smart_factory_ws/src/smart_factory/install/smart_factory/share/smart_factory/model
[0.691s] copying model/model_2.sdf -> /home/prethivi/ros2_ws/Smart_Factory/smart_factory_ws/src/smart_factory/install/smart_factory/share/smart_factory/model
[0.691s] copying model/model_1.sdf -> /home/prethivi/ros2_ws/Smart_Factory/smart_factory_ws/src/smart_factory/install/smart_factory/share/smart_factory/model
[0.691s] copying model/tb3_waffle.urdf -> /home/prethivi/ros2_ws/Smart_Factory/smart_factory_ws/src/smart_factory/install/smart_factory/share/smart_factory/model
[0.691s] creating /home/prethivi/ros2_ws/Smart_Factory/smart_factory_ws/src/smart_factory/install/smart_factory/share/smart_factory/world
[0.691s] copying world/simpleworld.world -> /home/prethivi/ros2_ws/Smart_Factory/smart_factory_ws/src/smart_factory/install/smart_factory/share/smart_factory/world
[0.692s] copying world/warehouse.world -> /home/prethivi/ros2_ws/Smart_Factory/smart_factory_ws/src/smart_factory/install/smart_factory/share/smart_factory/world
[0.692s] copying world/turtlebot3_house.world -> /home/prethivi/ros2_ws/Smart_Factory/smart_factory_ws/src/smart_factory/install/smart_factory/share/smart_factory/world
[0.692s] copying world/french_cafe.world -> /home/prethivi/ros2_ws/Smart_Factory/smart_factory_ws/src/smart_factory/install/smart_factory/share/smart_factory/world
[0.693s] copying world/smart_factoryworld.world -> /home/prethivi/ros2_ws/Smart_Factory/smart_factory_ws/src/smart_factory/install/smart_factory/share/smart_factory/world
[0.693s] creating /home/prethivi/ros2_ws/Smart_Factory/smart_factory_ws/src/smart_factory/install/smart_factory/share/smart_factory/config
[0.693s] copying config/move_to_object.yaml -> /home/prethivi/ros2_ws/Smart_Factory/smart_factory_ws/src/smart_factory/install/smart_factory/share/smart_factory/config
[0.693s] copying config/nav2_params.yaml -> /home/prethivi/ros2_ws/Smart_Factory/smart_factory_ws/src/smart_factory/install/smart_factory/share/smart_factory/config
[0.694s] copying config/mapper_params_online_async.yaml -> /home/prethivi/ros2_ws/Smart_Factory/smart_factory_ws/src/smart_factory/install/smart_factory/share/smart_factory/config
[0.694s] copying config/slam_config.rviz -> /home/prethivi/ros2_ws/Smart_Factory/smart_factory_ws/src/smart_factory/install/smart_factory/share/smart_factory/config
[0.694s] copying config/robot2_nav2_params.yaml -> /home/prethivi/ros2_ws/Smart_Factory/smart_factory_ws/src/smart_factory/install/smart_factory/share/smart_factory/config
[0.694s] copying config/nav2_default_view.rviz -> /home/prethivi/ros2_ws/Smart_Factory/smart_factory_ws/src/smart_factory/install/smart_factory/share/smart_factory/config
[0.694s] copying config/robot1_nav2_params.yaml -> /home/prethivi/ros2_ws/Smart_Factory/smart_factory_ws/src/smart_factory/install/smart_factory/share/smart_factory/config
[0.695s] copying config/waffle.yaml -> /home/prethivi/ros2_ws/Smart_Factory/smart_factory_ws/src/smart_factory/install/smart_factory/share/smart_factory/config
[0.695s] creating /home/prethivi/ros2_ws/Smart_Factory/smart_factory_ws/src/smart_factory/install/smart_factory/share/smart_factory/maps
[0.695s] copying maps/frames_2025-05-10_17.17.06.gv -> /home/prethivi/ros2_ws/Smart_Factory/smart_factory_ws/src/smart_factory/install/smart_factory/share/smart_factory/maps
[0.695s] copying maps/turtlebot3_housemap.yaml -> /home/prethivi/ros2_ws/Smart_Factory/smart_factory_ws/src/smart_factory/install/smart_factory/share/smart_factory/maps
[0.695s] copying maps/frames_2025-05-10_17.17.06.pdf -> /home/prethivi/ros2_ws/Smart_Factory/smart_factory_ws/src/smart_factory/install/smart_factory/share/smart_factory/maps
[0.696s] copying maps/map_1744355432.pgm -> /home/prethivi/ros2_ws/Smart_Factory/smart_factory_ws/src/smart_factory/install/smart_factory/share/smart_factory/maps
[0.696s] copying maps/Env2.data -> /home/prethivi/ros2_ws/Smart_Factory/smart_factory_ws/src/smart_factory/install/smart_factory/share/smart_factory/maps
[0.697s] copying maps/sample_map.data -> /home/prethivi/ros2_ws/Smart_Factory/smart_factory_ws/src/smart_factory/install/smart_factory/share/smart_factory/maps
[0.698s] copying maps/samplemap_1.pgm -> /home/prethivi/ros2_ws/Smart_Factory/smart_factory_ws/src/smart_factory/install/smart_factory/share/smart_factory/maps
[0.698s] copying maps/samplemap_!.data -> /home/prethivi/ros2_ws/Smart_Factory/smart_factory_ws/src/smart_factory/install/smart_factory/share/smart_factory/maps
[0.699s] copying maps/final_map_1.yaml -> /home/prethivi/ros2_ws/Smart_Factory/smart_factory_ws/src/smart_factory/install/smart_factory/share/smart_factory/maps
[0.699s] copying maps/Env2.yaml -> /home/prethivi/ros2_ws/Smart_Factory/smart_factory_ws/src/smart_factory/install/smart_factory/share/smart_factory/maps
[0.700s] copying maps/TMP_RECORDING.mp4 -> /home/prethivi/ros2_ws/Smart_Factory/smart_factory_ws/src/smart_factory/install/smart_factory/share/smart_factory/maps
[0.705s] copying maps/sample_map.pgm -> /home/prethivi/ros2_ws/Smart_Factory/smart_factory_ws/src/smart_factory/install/smart_factory/share/smart_factory/maps
[0.705s] copying maps/Env2.posegraph -> /home/prethivi/ros2_ws/Smart_Factory/smart_factory_ws/src/smart_factory/install/smart_factory/share/smart_factory/maps
[0.708s] copying maps/sample_map.posegraph -> /home/prethivi/ros2_ws/Smart_Factory/smart_factory_ws/src/smart_factory/install/smart_factory/share/smart_factory/maps
[0.710s] copying maps/turtlebot3_housemap.posegraph -> /home/prethivi/ros2_ws/Smart_Factory/smart_factory_ws/src/smart_factory/install/smart_factory/share/smart_factory/maps
[0.712s] copying maps/Env2.pgm -> /home/prethivi/ros2_ws/Smart_Factory/smart_factory_ws/src/smart_factory/install/smart_factory/share/smart_factory/maps
[0.712s] copying maps/map_1744355432.yaml -> /home/prethivi/ros2_ws/Smart_Factory/smart_factory_ws/src/smart_factory/install/smart_factory/share/smart_factory/maps
[0.712s] copying maps/turtlebot3_housemap.pgm -> /home/prethivi/ros2_ws/Smart_Factory/smart_factory_ws/src/smart_factory/install/smart_factory/share/smart_factory/maps
[0.712s] copying maps/final_map_1.pgm -> /home/prethivi/ros2_ws/Smart_Factory/smart_factory_ws/src/smart_factory/install/smart_factory/share/smart_factory/maps
[0.713s] copying maps/final_map_1.data -> /home/prethivi/ros2_ws/Smart_Factory/smart_factory_ws/src/smart_factory/install/smart_factory/share/smart_factory/maps
[0.713s] copying maps/turtlebot3_housemap.data -> /home/prethivi/ros2_ws/Smart_Factory/smart_factory_ws/src/smart_factory/install/smart_factory/share/smart_factory/maps
[0.714s] copying maps/sample_map.yaml -> /home/prethivi/ros2_ws/Smart_Factory/smart_factory_ws/src/smart_factory/install/smart_factory/share/smart_factory/maps
[0.714s] copying maps/samplemap_1.yaml -> /home/prethivi/ros2_ws/Smart_Factory/smart_factory_ws/src/smart_factory/install/smart_factory/share/smart_factory/maps
[0.715s] copying maps/samplemap_!.posegraph -> /home/prethivi/ros2_ws/Smart_Factory/smart_factory_ws/src/smart_factory/install/smart_factory/share/smart_factory/maps
[0.723s] copying maps/final_map_1.posegraph -> /home/prethivi/ros2_ws/Smart_Factory/smart_factory_ws/src/smart_factory/install/smart_factory/share/smart_factory/maps
[0.725s] creating /home/prethivi/ros2_ws/Smart_Factory/smart_factory_ws/src/smart_factory/install/smart_factory/share/smart_factory/yolo_model
[0.725s] copying yolo_model/tb3_object.pt -> /home/prethivi/ros2_ws/Smart_Factory/smart_factory_ws/src/smart_factory/install/smart_factory/share/smart_factory/yolo_model
[0.732s] copying yolo_model/smart_fact.pt -> /home/prethivi/ros2_ws/Smart_Factory/smart_factory_ws/src/smart_factory/install/smart_factory/share/smart_factory/yolo_model
[0.738s] copying yolo_model/rs2_hardware.pt -> /home/prethivi/ros2_ws/Smart_Factory/smart_factory_ws/src/smart_factory/install/smart_factory/share/smart_factory/yolo_model
[0.744s] running install_egg_info
[0.746s] Copying build/smart_factory/smart_factory.egg-info to /home/prethivi/ros2_ws/Smart_Factory/smart_factory_ws/src/smart_factory/install/smart_factory/lib/python3.10/site-packages/smart_factory-0.0.0-py3.10.egg-info
[0.747s] running install_scripts
[0.761s] Installing camera_classifier script to /home/prethivi/ros2_ws/Smart_Factory/smart_factory_ws/src/smart_factory/install/smart_factory/lib/smart_factory
[0.761s] Installing camera_distance script to /home/prethivi/ros2_ws/Smart_Factory/smart_factory_ws/src/smart_factory/install/smart_factory/lib/smart_factory
[0.761s] Installing camera_info script to /home/prethivi/ros2_ws/Smart_Factory/smart_factory_ws/src/smart_factory/install/smart_factory/lib/smart_factory
[0.761s] Installing camera_object script to /home/prethivi/ros2_ws/Smart_Factory/smart_factory_ws/src/smart_factory/install/smart_factory/lib/smart_factory
[0.761s] Installing camera_publisher script to /home/prethivi/ros2_ws/Smart_Factory/smart_factory_ws/src/smart_factory/install/smart_factory/lib/smart_factory
[0.761s] Installing detect_object script to /home/prethivi/ros2_ws/Smart_Factory/smart_factory_ws/src/smart_factory/install/smart_factory/lib/smart_factory
[0.761s] Installing example_client script to /home/prethivi/ros2_ws/Smart_Factory/smart_factory_ws/src/smart_factory/install/smart_factory/lib/smart_factory
[0.762s] Installing example_service script to /home/prethivi/ros2_ws/Smart_Factory/smart_factory_ws/src/smart_factory/install/smart_factory/lib/smart_factory
[0.762s] Installing go_to_goal script to /home/prethivi/ros2_ws/Smart_Factory/smart_factory_ws/src/smart_factory/install/smart_factory/lib/smart_factory
[0.762s] Installing goals_assigner script to /home/prethivi/ros2_ws/Smart_Factory/smart_factory_ws/src/smart_factory/install/smart_factory/lib/smart_factory
[0.762s] Installing image_capture script to /home/prethivi/ros2_ws/Smart_Factory/smart_factory_ws/src/smart_factory/install/smart_factory/lib/smart_factory
[0.762s] Installing move_to_object script to /home/prethivi/ros2_ws/Smart_Factory/smart_factory_ws/src/smart_factory/install/smart_factory/lib/smart_factory
[0.762s] Installing nav_thro_pose script to /home/prethivi/ros2_ws/Smart_Factory/smart_factory_ws/src/smart_factory/install/smart_factory/lib/smart_factory
[0.762s] Installing nav_to_pose script to /home/prethivi/ros2_ws/Smart_Factory/smart_factory_ws/src/smart_factory/install/smart_factory/lib/smart_factory
[0.762s] Installing nav_to_pose_test script to /home/prethivi/ros2_ws/Smart_Factory/smart_factory_ws/src/smart_factory/install/smart_factory/lib/smart_factory
[0.762s] Installing path_planning script to /home/prethivi/ros2_ws/Smart_Factory/smart_factory_ws/src/smart_factory/install/smart_factory/lib/smart_factory
[0.762s] Installing robot_1_client script to /home/prethivi/ros2_ws/Smart_Factory/smart_factory_ws/src/smart_factory/install/smart_factory/lib/smart_factory
[0.762s] Installing robot_2_client script to /home/prethivi/ros2_ws/Smart_Factory/smart_factory_ws/src/smart_factory/install/smart_factory/lib/smart_factory
[0.763s] writing list of installed files to '/home/prethivi/ros2_ws/Smart_Factory/smart_factory_ws/src/smart_factory/build/smart_factory/install.log'
[0.782s] Invoked command in '/home/prethivi/ros2_ws/Smart_Factory/smart_factory_ws/src/smart_factory' returned '0': PYTHONPATH=/home/prethivi/ros2_ws/Smart_Factory/smart_factory_ws/src/smart_factory/build/smart_factory/prefix_override:/usr/lib/python3/dist-packages/colcon_core/task/python/colcon_distutils_commands:/home/prethivi/ros2_ws/Smart_Factory/smart_factory_ws/src/smart_factory/install/smart_factory/lib/python3.10/site-packages:${PYTHONPATH} /usr/bin/python3 -W ignore:setup.py install is deprecated -W ignore:easy_install command is deprecated setup.py egg_info --egg-base build/smart_factory build --build-base /home/prethivi/ros2_ws/Smart_Factory/smart_factory_ws/src/smart_factory/build/smart_factory/build install --record /home/prethivi/ros2_ws/Smart_Factory/smart_factory_ws/src/smart_factory/build/smart_factory/install.log --single-version-externally-managed install_data
