[0.012s] Invoking command in '/home/prethivi/ros2_ws/Smart_Factory/smart_factory_ws/build/smart_factory_services': CMAKE_PREFIX_PATH=${CMAKE_PREFIX_PATH}:/home/prethivi/ros2_ws/Smart_Factory/smart_factory_ws/install/smart_factory_simulations:/home/prethivi/ros2_ws/Smart_Factory/smart_factory_ws/install/smart_factory_bringup:/home/prethivi/ros2_ws/Smart_Factory/smart_factory_ws/install/smart_factory:/opt/ros/humble /usr/bin/cmake --build /home/prethivi/ros2_ws/Smart_Factory/smart_factory_ws/build/smart_factory_services -- -j16 -l16
[0.064s] [  3%] Built target smart_factory_services__cpp
[0.064s] [ 12%] Built target smart_factory_services__rosidl_generator_c
[0.071s] [ 12%] Built target ament_cmake_python_symlink_smart_factory_services
[0.085s] [ 22%] Built target smart_factory_services__rosidl_typesupport_introspection_c
[0.085s] [ 32%] Built target smart_factory_services__rosidl_typesupport_c
[0.086s] [ 41%] Built target smart_factory_services__rosidl_typesupport_cpp
[0.086s] [ 51%] Built target smart_factory_services__rosidl_typesupport_fastrtps_c
[0.087s] [ 64%] Built target smart_factory_services__rosidl_typesupport_fastrtps_cpp
[0.087s] [ 70%] Built target smart_factory_services__rosidl_typesupport_introspection_cpp
[0.108s] [ 70%] Built target smart_factory_services
[0.132s] [ 74%] Built target smart_factory_services__py
[0.154s] [ 80%] Built target smart_factory_services__rosidl_generator_py
[0.176s] [ 93%] Built target smart_factory_services__rosidl_typesupport_c__pyext
[0.177s] [ 93%] Built target smart_factory_services__rosidl_typesupport_introspection_c__pyext
[0.177s] [100%] Built target smart_factory_services__rosidl_typesupport_fastrtps_c__pyext
[0.305s] running egg_info
[0.306s] writing smart_factory_services.egg-info/PKG-INFO
[0.306s] writing dependency_links to smart_factory_services.egg-info/dependency_links.txt
[0.306s] writing top-level names to smart_factory_services.egg-info/top_level.txt
[0.309s] reading manifest file 'smart_factory_services.egg-info/SOURCES.txt'
[0.309s] writing manifest file 'smart_factory_services.egg-info/SOURCES.txt'
[0.339s] [100%] Built target ament_cmake_python_build_smart_factory_services_egg
[0.352s] Invoked command in '/home/prethivi/ros2_ws/Smart_Factory/smart_factory_ws/build/smart_factory_services' returned '0': CMAKE_PREFIX_PATH=${CMAKE_PREFIX_PATH}:/home/prethivi/ros2_ws/Smart_Factory/smart_factory_ws/install/smart_factory_simulations:/home/prethivi/ros2_ws/Smart_Factory/smart_factory_ws/install/smart_factory_bringup:/home/prethivi/ros2_ws/Smart_Factory/smart_factory_ws/install/smart_factory:/opt/ros/humble /usr/bin/cmake --build /home/prethivi/ros2_ws/Smart_Factory/smart_factory_ws/build/smart_factory_services -- -j16 -l16
[0.354s] Invoking command in '/home/prethivi/ros2_ws/Smart_Factory/smart_factory_ws/build/smart_factory_services': CMAKE_PREFIX_PATH=${CMAKE_PREFIX_PATH}:/home/prethivi/ros2_ws/Smart_Factory/smart_factory_ws/install/smart_factory_simulations:/home/prethivi/ros2_ws/Smart_Factory/smart_factory_ws/install/smart_factory_bringup:/home/prethivi/ros2_ws/Smart_Factory/smart_factory_ws/install/smart_factory:/opt/ros/humble /usr/bin/cmake --install /home/prethivi/ros2_ws/Smart_Factory/smart_factory_ws/build/smart_factory_services
[0.362s] -- Install configuration: ""
[0.363s] -- Execute custom install script
[0.363s] -- Up-to-date symlink: /home/prethivi/ros2_ws/Smart_Factory/smart_factory_ws/install/smart_factory_services/share/ament_index/resource_index/rosidl_interfaces/smart_factory_services
[0.363s] -- Up-to-date symlink: /home/prethivi/ros2_ws/Smart_Factory/smart_factory_ws/install/smart_factory_services/include/smart_factory_services/smart_factory_services/msg/rosidl_generator_c__visibility_control.h
[0.363s] -- Up-to-date symlink: /home/prethivi/ros2_ws/Smart_Factory/smart_factory_ws/install/smart_factory_services/include/smart_factory_services/smart_factory_services/srv/detail/task_allocation__functions.h
[0.363s] -- Up-to-date symlink: /home/prethivi/ros2_ws/Smart_Factory/smart_factory_ws/install/smart_factory_services/include/smart_factory_services/smart_factory_services/srv/detail/task_allocation__struct.h
[0.363s] -- Up-to-date symlink: /home/prethivi/ros2_ws/Smart_Factory/smart_factory_ws/install/smart_factory_services/include/smart_factory_services/smart_factory_services/srv/detail/task_allocation__type_support.h
[0.363s] -- Up-to-date symlink: /home/prethivi/ros2_ws/Smart_Factory/smart_factory_ws/install/smart_factory_services/include/smart_factory_services/smart_factory_services/srv/task_allocation.h
[0.364s] -- Up-to-date symlink: /home/prethivi/ros2_ws/Smart_Factory/smart_factory_ws/install/smart_factory_services/share/smart_factory_services/environment/library_path.sh
[0.364s] -- Up-to-date symlink: /home/prethivi/ros2_ws/Smart_Factory/smart_factory_ws/install/smart_factory_services/share/smart_factory_services/environment/library_path.dsv
[0.364s] -- Up-to-date symlink: /home/prethivi/ros2_ws/Smart_Factory/smart_factory_ws/install/smart_factory_services/include/smart_factory_services/smart_factory_services/msg/rosidl_typesupport_fastrtps_c__visibility_control.h
[0.364s] -- Up-to-date symlink: /home/prethivi/ros2_ws/Smart_Factory/smart_factory_ws/install/smart_factory_services/include/smart_factory_services/smart_factory_services/srv/detail/task_allocation__rosidl_typesupport_fastrtps_c.h
[0.365s] -- Up-to-date symlink: /home/prethivi/ros2_ws/Smart_Factory/smart_factory_ws/install/smart_factory_services/include/smart_factory_services/smart_factory_services/msg/rosidl_generator_cpp__visibility_control.hpp
[0.365s] -- Up-to-date symlink: /home/prethivi/ros2_ws/Smart_Factory/smart_factory_ws/install/smart_factory_services/include/smart_factory_services/smart_factory_services/srv/detail/task_allocation__builder.hpp
[0.365s] -- Up-to-date symlink: /home/prethivi/ros2_ws/Smart_Factory/smart_factory_ws/install/smart_factory_services/include/smart_factory_services/smart_factory_services/srv/detail/task_allocation__struct.hpp
[0.365s] -- Up-to-date symlink: /home/prethivi/ros2_ws/Smart_Factory/smart_factory_ws/install/smart_factory_services/include/smart_factory_services/smart_factory_services/srv/detail/task_allocation__traits.hpp
[0.365s] -- Up-to-date symlink: /home/prethivi/ros2_ws/Smart_Factory/smart_factory_ws/install/smart_factory_services/include/smart_factory_services/smart_factory_services/srv/detail/task_allocation__type_support.hpp
[0.365s] -- Up-to-date symlink: /home/prethivi/ros2_ws/Smart_Factory/smart_factory_ws/install/smart_factory_services/include/smart_factory_services/smart_factory_services/srv/task_allocation.hpp
[0.366s] -- Up-to-date symlink: /home/prethivi/ros2_ws/Smart_Factory/smart_factory_ws/install/smart_factory_services/include/smart_factory_services/smart_factory_services/msg/rosidl_typesupport_fastrtps_cpp__visibility_control.h
[0.366s] -- Up-to-date symlink: /home/prethivi/ros2_ws/Smart_Factory/smart_factory_ws/install/smart_factory_services/include/smart_factory_services/smart_factory_services/srv/detail/task_allocation__rosidl_typesupport_fastrtps_cpp.hpp
[0.366s] -- Up-to-date symlink: /home/prethivi/ros2_ws/Smart_Factory/smart_factory_ws/install/smart_factory_services/include/smart_factory_services/smart_factory_services/msg/rosidl_typesupport_introspection_c__visibility_control.h
[0.366s] -- Up-to-date symlink: /home/prethivi/ros2_ws/Smart_Factory/smart_factory_ws/install/smart_factory_services/include/smart_factory_services/smart_factory_services/srv/detail/task_allocation__rosidl_typesupport_introspection_c.h
[0.367s] -- Up-to-date symlink: /home/prethivi/ros2_ws/Smart_Factory/smart_factory_ws/install/smart_factory_services/include/smart_factory_services/smart_factory_services/srv/detail/task_allocation__rosidl_typesupport_introspection_cpp.hpp
[0.367s] -- Up-to-date symlink: /home/prethivi/ros2_ws/Smart_Factory/smart_factory_ws/install/smart_factory_services/share/smart_factory_services/environment/pythonpath.sh
[0.367s] -- Up-to-date symlink: /home/prethivi/ros2_ws/Smart_Factory/smart_factory_ws/install/smart_factory_services/share/smart_factory_services/environment/pythonpath.dsv
[0.367s] -- Up-to-date symlink: /home/prethivi/ros2_ws/Smart_Factory/smart_factory_ws/install/smart_factory_services/local/lib/python3.10/dist-packages/smart_factory_services-0.0.0-py3.10.egg-info/PKG-INFO
[0.367s] -- Up-to-date symlink: /home/prethivi/ros2_ws/Smart_Factory/smart_factory_ws/install/smart_factory_services/local/lib/python3.10/dist-packages/smart_factory_services-0.0.0-py3.10.egg-info/SOURCES.txt
[0.367s] -- Up-to-date symlink: /home/prethivi/ros2_ws/Smart_Factory/smart_factory_ws/install/smart_factory_services/local/lib/python3.10/dist-packages/smart_factory_services-0.0.0-py3.10.egg-info/dependency_links.txt
[0.367s] -- Up-to-date symlink: /home/prethivi/ros2_ws/Smart_Factory/smart_factory_ws/install/smart_factory_services/local/lib/python3.10/dist-packages/smart_factory_services-0.0.0-py3.10.egg-info/top_level.txt
[0.368s] -- Up-to-date symlink: /home/prethivi/ros2_ws/Smart_Factory/smart_factory_ws/install/smart_factory_services/local/lib/python3.10/dist-packages/smart_factory_services/__init__.py
[0.368s] -- Up-to-date symlink: /home/prethivi/ros2_ws/Smart_Factory/smart_factory_ws/install/smart_factory_services/local/lib/python3.10/dist-packages/smart_factory_services/_smart_factory_services_s.ep.rosidl_typesupport_c.c
[0.368s] -- Up-to-date symlink: /home/prethivi/ros2_ws/Smart_Factory/smart_factory_ws/install/smart_factory_services/local/lib/python3.10/dist-packages/smart_factory_services/_smart_factory_services_s.ep.rosidl_typesupport_fastrtps_c.c
[0.368s] -- Up-to-date symlink: /home/prethivi/ros2_ws/Smart_Factory/smart_factory_ws/install/smart_factory_services/local/lib/python3.10/dist-packages/smart_factory_services/_smart_factory_services_s.ep.rosidl_typesupport_introspection_c.c
[0.368s] -- Up-to-date symlink: /home/prethivi/ros2_ws/Smart_Factory/smart_factory_ws/install/smart_factory_services/local/lib/python3.10/dist-packages/smart_factory_services/libsmart_factory_services__rosidl_generator_py.so
[0.368s] -- Up-to-date symlink: /home/prethivi/ros2_ws/Smart_Factory/smart_factory_ws/install/smart_factory_services/local/lib/python3.10/dist-packages/smart_factory_services/smart_factory_services_s__rosidl_typesupport_c.cpython-310-x86_64-linux-gnu.so
[0.369s] -- Up-to-date symlink: /home/prethivi/ros2_ws/Smart_Factory/smart_factory_ws/install/smart_factory_services/local/lib/python3.10/dist-packages/smart_factory_services/smart_factory_services_s__rosidl_typesupport_fastrtps_c.cpython-310-x86_64-linux-gnu.so
[0.369s] -- Up-to-date symlink: /home/prethivi/ros2_ws/Smart_Factory/smart_factory_ws/install/smart_factory_services/local/lib/python3.10/dist-packages/smart_factory_services/smart_factory_services_s__rosidl_typesupport_introspection_c.cpython-310-x86_64-linux-gnu.so
[0.369s] -- Up-to-date symlink: /home/prethivi/ros2_ws/Smart_Factory/smart_factory_ws/install/smart_factory_services/local/lib/python3.10/dist-packages/smart_factory_services/srv/__init__.py
[0.369s] -- Up-to-date symlink: /home/prethivi/ros2_ws/Smart_Factory/smart_factory_ws/install/smart_factory_services/local/lib/python3.10/dist-packages/smart_factory_services/srv/_task_allocation.py
[0.369s] -- Up-to-date symlink: /home/prethivi/ros2_ws/Smart_Factory/smart_factory_ws/install/smart_factory_services/local/lib/python3.10/dist-packages/smart_factory_services/srv/_task_allocation_s.c
[0.369s] -- Up-to-date symlink: /home/prethivi/ros2_ws/Smart_Factory/smart_factory_ws/install/smart_factory_services/local/lib/python3.10/dist-packages/smart_factory_services/smart_factory_services_s__rosidl_typesupport_fastrtps_c.cpython-310-x86_64-linux-gnu.so
[0.369s] -- Up-to-date symlink: /home/prethivi/ros2_ws/Smart_Factory/smart_factory_ws/install/smart_factory_services/local/lib/python3.10/dist-packages/smart_factory_services/smart_factory_services_s__rosidl_typesupport_introspection_c.cpython-310-x86_64-linux-gnu.so
[0.369s] -- Up-to-date symlink: /home/prethivi/ros2_ws/Smart_Factory/smart_factory_ws/install/smart_factory_services/local/lib/python3.10/dist-packages/smart_factory_services/smart_factory_services_s__rosidl_typesupport_c.cpython-310-x86_64-linux-gnu.so
[0.370s] -- Up-to-date symlink: /home/prethivi/ros2_ws/Smart_Factory/smart_factory_ws/install/smart_factory_services/share/smart_factory_services/srv/TaskAllocation.idl
[0.370s] -- Up-to-date symlink: /home/prethivi/ros2_ws/Smart_Factory/smart_factory_ws/install/smart_factory_services/share/smart_factory_services/srv/TaskAllocation.srv
[0.370s] -- Up-to-date symlink: /home/prethivi/ros2_ws/Smart_Factory/smart_factory_ws/install/smart_factory_services/share/smart_factory_services/srv/TaskAllocation_Request.msg
[0.370s] -- Up-to-date symlink: /home/prethivi/ros2_ws/Smart_Factory/smart_factory_ws/install/smart_factory_services/share/smart_factory_services/srv/TaskAllocation_Response.msg
[0.370s] -- Up-to-date symlink: /home/prethivi/ros2_ws/Smart_Factory/smart_factory_ws/install/smart_factory_services/share/ament_index/resource_index/package_run_dependencies/smart_factory_services
[0.370s] -- Up-to-date symlink: /home/prethivi/ros2_ws/Smart_Factory/smart_factory_ws/install/smart_factory_services/share/ament_index/resource_index/parent_prefix_path/smart_factory_services
[0.370s] -- Up-to-date symlink: /home/prethivi/ros2_ws/Smart_Factory/smart_factory_ws/install/smart_factory_services/share/smart_factory_services/environment/ament_prefix_path.sh
[0.371s] -- Up-to-date symlink: /home/prethivi/ros2_ws/Smart_Factory/smart_factory_ws/install/smart_factory_services/share/smart_factory_services/environment/ament_prefix_path.dsv
[0.371s] -- Up-to-date symlink: /home/prethivi/ros2_ws/Smart_Factory/smart_factory_ws/install/smart_factory_services/share/smart_factory_services/environment/path.sh
[0.371s] -- Up-to-date symlink: /home/prethivi/ros2_ws/Smart_Factory/smart_factory_ws/install/smart_factory_services/share/smart_factory_services/environment/path.dsv
[0.371s] -- Up-to-date symlink: /home/prethivi/ros2_ws/Smart_Factory/smart_factory_ws/install/smart_factory_services/share/smart_factory_services/local_setup.bash
[0.371s] -- Up-to-date symlink: /home/prethivi/ros2_ws/Smart_Factory/smart_factory_ws/install/smart_factory_services/share/smart_factory_services/local_setup.sh
[0.371s] -- Up-to-date symlink: /home/prethivi/ros2_ws/Smart_Factory/smart_factory_ws/install/smart_factory_services/share/smart_factory_services/local_setup.zsh
[0.371s] -- Up-to-date symlink: /home/prethivi/ros2_ws/Smart_Factory/smart_factory_ws/install/smart_factory_services/share/smart_factory_services/local_setup.dsv
[0.372s] -- Symlinking: /home/prethivi/ros2_ws/Smart_Factory/smart_factory_ws/install/smart_factory_services/share/smart_factory_services/package.dsv
[0.381s] -- Up-to-date symlink: /home/prethivi/ros2_ws/Smart_Factory/smart_factory_ws/install/smart_factory_services/share/ament_index/resource_index/packages/smart_factory_services
[0.382s] -- Up-to-date symlink: /home/prethivi/ros2_ws/Smart_Factory/smart_factory_ws/install/smart_factory_services/share/smart_factory_services/cmake/rosidl_cmake-extras.cmake
[0.382s] -- Up-to-date symlink: /home/prethivi/ros2_ws/Smart_Factory/smart_factory_ws/install/smart_factory_services/share/smart_factory_services/cmake/ament_cmake_export_dependencies-extras.cmake
[0.382s] -- Up-to-date symlink: /home/prethivi/ros2_ws/Smart_Factory/smart_factory_ws/install/smart_factory_services/share/smart_factory_services/cmake/ament_cmake_export_include_directories-extras.cmake
[0.382s] -- Up-to-date symlink: /home/prethivi/ros2_ws/Smart_Factory/smart_factory_ws/install/smart_factory_services/share/smart_factory_services/cmake/ament_cmake_export_libraries-extras.cmake
[0.382s] -- Up-to-date symlink: /home/prethivi/ros2_ws/Smart_Factory/smart_factory_ws/install/smart_factory_services/share/smart_factory_services/cmake/ament_cmake_export_targets-extras.cmake
[0.382s] -- Up-to-date symlink: /home/prethivi/ros2_ws/Smart_Factory/smart_factory_ws/install/smart_factory_services/share/smart_factory_services/cmake/rosidl_cmake_export_typesupport_targets-extras.cmake
[0.382s] -- Up-to-date symlink: /home/prethivi/ros2_ws/Smart_Factory/smart_factory_ws/install/smart_factory_services/share/smart_factory_services/cmake/rosidl_cmake_export_typesupport_libraries-extras.cmake
[0.382s] -- Up-to-date symlink: /home/prethivi/ros2_ws/Smart_Factory/smart_factory_ws/install/smart_factory_services/share/smart_factory_services/cmake/smart_factory_servicesConfig.cmake
[0.382s] -- Up-to-date symlink: /home/prethivi/ros2_ws/Smart_Factory/smart_factory_ws/install/smart_factory_services/share/smart_factory_services/cmake/smart_factory_servicesConfig-version.cmake
[0.383s] -- Up-to-date symlink: /home/prethivi/ros2_ws/Smart_Factory/smart_factory_ws/install/smart_factory_services/share/smart_factory_services/package.xml
[0.383s] -- Up-to-date: /home/prethivi/ros2_ws/Smart_Factory/smart_factory_ws/install/smart_factory_services/lib/libsmart_factory_services__rosidl_generator_c.so
[0.383s] -- Up-to-date: /home/prethivi/ros2_ws/Smart_Factory/smart_factory_ws/install/smart_factory_services/lib/libsmart_factory_services__rosidl_typesupport_fastrtps_c.so
[0.383s] -- Up-to-date: /home/prethivi/ros2_ws/Smart_Factory/smart_factory_ws/install/smart_factory_services/lib/libsmart_factory_services__rosidl_typesupport_fastrtps_cpp.so
[0.384s] -- Up-to-date: /home/prethivi/ros2_ws/Smart_Factory/smart_factory_ws/install/smart_factory_services/lib/libsmart_factory_services__rosidl_typesupport_introspection_c.so
[0.384s] -- Up-to-date: /home/prethivi/ros2_ws/Smart_Factory/smart_factory_ws/install/smart_factory_services/lib/libsmart_factory_services__rosidl_typesupport_c.so
[0.384s] -- Up-to-date: /home/prethivi/ros2_ws/Smart_Factory/smart_factory_ws/install/smart_factory_services/lib/libsmart_factory_services__rosidl_typesupport_introspection_cpp.so
[0.384s] -- Up-to-date: /home/prethivi/ros2_ws/Smart_Factory/smart_factory_ws/install/smart_factory_services/lib/libsmart_factory_services__rosidl_typesupport_cpp.so
[0.411s] Listing '/home/prethivi/ros2_ws/Smart_Factory/smart_factory_ws/install/smart_factory_services/local/lib/python3.10/dist-packages/smart_factory_services'...
[0.411s] Listing '/home/prethivi/ros2_ws/Smart_Factory/smart_factory_ws/install/smart_factory_services/local/lib/python3.10/dist-packages/smart_factory_services/srv'...
[0.416s] -- Up-to-date: /home/prethivi/ros2_ws/Smart_Factory/smart_factory_ws/install/smart_factory_services/lib/libsmart_factory_services__rosidl_generator_py.so
[0.416s] -- Up-to-date: /home/prethivi/ros2_ws/Smart_Factory/smart_factory_ws/install/smart_factory_services/share/smart_factory_services/cmake/export_smart_factory_services__rosidl_generator_cExport.cmake
[0.416s] -- Up-to-date: /home/prethivi/ros2_ws/Smart_Factory/smart_factory_ws/install/smart_factory_services/share/smart_factory_services/cmake/export_smart_factory_services__rosidl_generator_cExport-noconfig.cmake
[0.416s] -- Up-to-date: /home/prethivi/ros2_ws/Smart_Factory/smart_factory_ws/install/smart_factory_services/share/smart_factory_services/cmake/export_smart_factory_services__rosidl_typesupport_fastrtps_cExport.cmake
[0.417s] -- Up-to-date: /home/prethivi/ros2_ws/Smart_Factory/smart_factory_ws/install/smart_factory_services/share/smart_factory_services/cmake/export_smart_factory_services__rosidl_typesupport_fastrtps_cExport-noconfig.cmake
[0.417s] -- Up-to-date: /home/prethivi/ros2_ws/Smart_Factory/smart_factory_ws/install/smart_factory_services/share/smart_factory_services/cmake/export_smart_factory_services__rosidl_generator_cppExport.cmake
[0.417s] -- Up-to-date: /home/prethivi/ros2_ws/Smart_Factory/smart_factory_ws/install/smart_factory_services/share/smart_factory_services/cmake/export_smart_factory_services__rosidl_typesupport_fastrtps_cppExport.cmake
[0.417s] -- Up-to-date: /home/prethivi/ros2_ws/Smart_Factory/smart_factory_ws/install/smart_factory_services/share/smart_factory_services/cmake/export_smart_factory_services__rosidl_typesupport_fastrtps_cppExport-noconfig.cmake
[0.417s] -- Up-to-date: /home/prethivi/ros2_ws/Smart_Factory/smart_factory_ws/install/smart_factory_services/share/smart_factory_services/cmake/smart_factory_services__rosidl_typesupport_introspection_cExport.cmake
[0.417s] -- Up-to-date: /home/prethivi/ros2_ws/Smart_Factory/smart_factory_ws/install/smart_factory_services/share/smart_factory_services/cmake/smart_factory_services__rosidl_typesupport_introspection_cExport-noconfig.cmake
[0.417s] -- Up-to-date: /home/prethivi/ros2_ws/Smart_Factory/smart_factory_ws/install/smart_factory_services/share/smart_factory_services/cmake/smart_factory_services__rosidl_typesupport_cExport.cmake
[0.417s] -- Up-to-date: /home/prethivi/ros2_ws/Smart_Factory/smart_factory_ws/install/smart_factory_services/share/smart_factory_services/cmake/smart_factory_services__rosidl_typesupport_cExport-noconfig.cmake
[0.417s] -- Up-to-date: /home/prethivi/ros2_ws/Smart_Factory/smart_factory_ws/install/smart_factory_services/share/smart_factory_services/cmake/smart_factory_services__rosidl_typesupport_introspection_cppExport.cmake
[0.417s] -- Up-to-date: /home/prethivi/ros2_ws/Smart_Factory/smart_factory_ws/install/smart_factory_services/share/smart_factory_services/cmake/smart_factory_services__rosidl_typesupport_introspection_cppExport-noconfig.cmake
[0.417s] -- Up-to-date: /home/prethivi/ros2_ws/Smart_Factory/smart_factory_ws/install/smart_factory_services/share/smart_factory_services/cmake/smart_factory_services__rosidl_typesupport_cppExport.cmake
[0.417s] -- Up-to-date: /home/prethivi/ros2_ws/Smart_Factory/smart_factory_ws/install/smart_factory_services/share/smart_factory_services/cmake/smart_factory_services__rosidl_typesupport_cppExport-noconfig.cmake
[0.418s] -- Up-to-date: /home/prethivi/ros2_ws/Smart_Factory/smart_factory_ws/install/smart_factory_services/share/smart_factory_services/cmake/export_smart_factory_services__rosidl_generator_pyExport.cmake
[0.418s] -- Up-to-date: /home/prethivi/ros2_ws/Smart_Factory/smart_factory_ws/install/smart_factory_services/share/smart_factory_services/cmake/export_smart_factory_services__rosidl_generator_pyExport-noconfig.cmake
[0.419s] Invoked command in '/home/prethivi/ros2_ws/Smart_Factory/smart_factory_ws/build/smart_factory_services' returned '0': CMAKE_PREFIX_PATH=${CMAKE_PREFIX_PATH}:/home/prethivi/ros2_ws/Smart_Factory/smart_factory_ws/install/smart_factory_simulations:/home/prethivi/ros2_ws/Smart_Factory/smart_factory_ws/install/smart_factory_bringup:/home/prethivi/ros2_ws/Smart_Factory/smart_factory_ws/install/smart_factory:/opt/ros/humble /usr/bin/cmake --install /home/prethivi/ros2_ws/Smart_Factory/smart_factory_ws/build/smart_factory_services
