[0.576s] Invoking command in '/home/prethivi/ros2_ws/Smart_Factory/smart_factory_ws/build/smart_factory': CMAKE_PREFIX_PATH=/home/prethivi/ros2_ws/Smart_Factory/smart_factory_ws/install/smart_factory_services:/home/prethivi/ros2_ws/Smart_Factory/smart_factory_ws/install/turtlebot3_multi_robot LD_LIBRARY_PATH=/home/prethivi/ros2_ws/Smart_Factory/smart_factory_ws/install/smart_factory_services/lib:/usr/lib/x86_64-linux-gnu/gazebo-11/plugins:/opt/ros/humble/opt/rviz_ogre_vendor/lib:/opt/ros/humble/lib/x86_64-linux-gnu:/opt/ros/humble/lib:/usr/lib/x86_64-linux-gnu/gazebo-11/plugins:/usr/lib/x86_64-linux-gnu/gazebo-11/plugins:/usr/lib/x86_64-linux-gnu/gazebo-11/plugins PYTHONPATH=/home/prethivi/ros2_ws/Smart_Factory/smart_factory_ws/build/smart_factory/prefix_override:/usr/lib/python3/dist-packages/colcon_core/task/python/colcon_distutils_commands:/home/prethivi/ros2_ws/Smart_Factory/smart_factory_ws/install/smart_factory/lib/python3.10/site-packages:${PYTHONPATH} /usr/bin/python3 -W ignore:setup.py install is deprecated -W ignore:easy_install command is deprecated setup.py develop --editable --build-directory /home/prethivi/ros2_ws/Smart_Factory/smart_factory_ws/build/smart_factory/build --no-deps symlink_data --force
[0.802s] running develop
[0.966s] running egg_info
[0.967s] writing smart_factory.egg-info/PKG-INFO
[0.967s] writing dependency_links to smart_factory.egg-info/dependency_links.txt
[0.967s] writing entry points to smart_factory.egg-info/entry_points.txt
[0.967s] writing requirements to smart_factory.egg-info/requires.txt
[0.967s] writing top-level names to smart_factory.egg-info/top_level.txt
[0.971s] reading manifest file 'smart_factory.egg-info/SOURCES.txt'
[0.973s] writing manifest file 'smart_factory.egg-info/SOURCES.txt'
[0.974s] running build_ext
[0.974s] Creating /home/prethivi/ros2_ws/Smart_Factory/smart_factory_ws/install/smart_factory/lib/python3.10/site-packages/smart-factory.egg-link (link to .)
[0.975s] Installing camera_classifier script to /home/prethivi/ros2_ws/Smart_Factory/smart_factory_ws/install/smart_factory/lib/smart_factory
[0.975s] Installing camera_distance script to /home/prethivi/ros2_ws/Smart_Factory/smart_factory_ws/install/smart_factory/lib/smart_factory
[0.975s] Installing camera_info script to /home/prethivi/ros2_ws/Smart_Factory/smart_factory_ws/install/smart_factory/lib/smart_factory
[0.975s] Installing camera_object script to /home/prethivi/ros2_ws/Smart_Factory/smart_factory_ws/install/smart_factory/lib/smart_factory
[0.975s] Installing camera_publisher script to /home/prethivi/ros2_ws/Smart_Factory/smart_factory_ws/install/smart_factory/lib/smart_factory
[0.975s] Installing detect_object script to /home/prethivi/ros2_ws/Smart_Factory/smart_factory_ws/install/smart_factory/lib/smart_factory
[0.975s] Installing example_client script to /home/prethivi/ros2_ws/Smart_Factory/smart_factory_ws/install/smart_factory/lib/smart_factory
[0.975s] Installing example_service script to /home/prethivi/ros2_ws/Smart_Factory/smart_factory_ws/install/smart_factory/lib/smart_factory
[0.976s] Installing go_to_goal script to /home/prethivi/ros2_ws/Smart_Factory/smart_factory_ws/install/smart_factory/lib/smart_factory
[0.976s] Installing goals_assigner script to /home/prethivi/ros2_ws/Smart_Factory/smart_factory_ws/install/smart_factory/lib/smart_factory
[0.976s] Installing image_capture script to /home/prethivi/ros2_ws/Smart_Factory/smart_factory_ws/install/smart_factory/lib/smart_factory
[0.976s] Installing move_to_object script to /home/prethivi/ros2_ws/Smart_Factory/smart_factory_ws/install/smart_factory/lib/smart_factory
[0.976s] Installing nav_thro_pose script to /home/prethivi/ros2_ws/Smart_Factory/smart_factory_ws/install/smart_factory/lib/smart_factory
[0.976s] Installing nav_to_pose script to /home/prethivi/ros2_ws/Smart_Factory/smart_factory_ws/install/smart_factory/lib/smart_factory
[0.976s] Installing nav_to_pose_test script to /home/prethivi/ros2_ws/Smart_Factory/smart_factory_ws/install/smart_factory/lib/smart_factory
[0.976s] Installing path_planning script to /home/prethivi/ros2_ws/Smart_Factory/smart_factory_ws/install/smart_factory/lib/smart_factory
[0.976s] Installing robot_1_client script to /home/prethivi/ros2_ws/Smart_Factory/smart_factory_ws/install/smart_factory/lib/smart_factory
[0.977s] Installing robot_2_client script to /home/prethivi/ros2_ws/Smart_Factory/smart_factory_ws/install/smart_factory/lib/smart_factory
[0.977s] 
[0.977s] Installed /home/prethivi/ros2_ws/Smart_Factory/smart_factory_ws/build/smart_factory
[0.977s] running symlink_data
[0.977s] symbolically linking /home/prethivi/ros2_ws/Smart_Factory/smart_factory_ws/build/smart_factory/resource/smart_factory -> /home/prethivi/ros2_ws/Smart_Factory/smart_factory_ws/install/smart_factory/share/ament_index/resource_index/packages
[0.977s] symbolically linking /home/prethivi/ros2_ws/Smart_Factory/smart_factory_ws/build/smart_factory/package.xml -> /home/prethivi/ros2_ws/Smart_Factory/smart_factory_ws/install/smart_factory/share/smart_factory
[0.977s] symbolically linking /home/prethivi/ros2_ws/Smart_Factory/smart_factory_ws/build/smart_factory/launch/localization_launch.py -> /home/prethivi/ros2_ws/Smart_Factory/smart_factory_ws/install/smart_factory/share/smart_factory/launch
[0.977s] symbolically linking /home/prethivi/ros2_ws/Smart_Factory/smart_factory_ws/build/smart_factory/launch/perception_moverobot.launch.py -> /home/prethivi/ros2_ws/Smart_Factory/smart_factory_ws/install/smart_factory/share/smart_factory/launch
[0.977s] symbolically linking /home/prethivi/ros2_ws/Smart_Factory/smart_factory_ws/build/smart_factory/launch/multirobot.launch.py -> /home/prethivi/ros2_ws/Smart_Factory/smart_factory_ws/install/smart_factory/share/smart_factory/launch
[0.977s] symbolically linking /home/prethivi/ros2_ws/Smart_Factory/smart_factory_ws/build/smart_factory/launch/bringup_launch.py -> /home/prethivi/ros2_ws/Smart_Factory/smart_factory_ws/install/smart_factory/share/smart_factory/launch
[0.978s] symbolically linking /home/prethivi/ros2_ws/Smart_Factory/smart_factory_ws/build/smart_factory/launch/perception.launch.py -> /home/prethivi/ros2_ws/Smart_Factory/smart_factory_ws/install/smart_factory/share/smart_factory/launch
[0.978s] symbolically linking /home/prethivi/ros2_ws/Smart_Factory/smart_factory_ws/build/smart_factory/launch/robot_bringup.launch.py -> /home/prethivi/ros2_ws/Smart_Factory/smart_factory_ws/install/smart_factory/share/smart_factory/launch
[0.978s] symbolically linking /home/prethivi/ros2_ws/Smart_Factory/smart_factory_ws/build/smart_factory/launch/smart_factory.launch.py -> /home/prethivi/ros2_ws/Smart_Factory/smart_factory_ws/install/smart_factory/share/smart_factory/launch
[0.978s] symbolically linking /home/prethivi/ros2_ws/Smart_Factory/smart_factory_ws/build/smart_factory/launch/multi_nav.launch.py -> /home/prethivi/ros2_ws/Smart_Factory/smart_factory_ws/install/smart_factory/share/smart_factory/launch
[0.978s] symbolically linking /home/prethivi/ros2_ws/Smart_Factory/smart_factory_ws/build/smart_factory/launch/slam_mapping.launch.py -> /home/prethivi/ros2_ws/Smart_Factory/smart_factory_ws/install/smart_factory/share/smart_factory/launch
[0.978s] symbolically linking /home/prethivi/ros2_ws/Smart_Factory/smart_factory_ws/build/smart_factory/launch/multi_robot_navigation.launch.py -> /home/prethivi/ros2_ws/Smart_Factory/smart_factory_ws/install/smart_factory/share/smart_factory/launch
[0.978s] symbolically linking /home/prethivi/ros2_ws/Smart_Factory/smart_factory_ws/build/smart_factory/launch/online_async_launch.py -> /home/prethivi/ros2_ws/Smart_Factory/smart_factory_ws/install/smart_factory/share/smart_factory/launch
[0.978s] symbolically linking /home/prethivi/ros2_ws/Smart_Factory/smart_factory_ws/build/smart_factory/launch/multi_localisation.launch.py -> /home/prethivi/ros2_ws/Smart_Factory/smart_factory_ws/install/smart_factory/share/smart_factory/launch
[0.978s] symbolically linking /home/prethivi/ros2_ws/Smart_Factory/smart_factory_ws/build/smart_factory/config/move_to_object.yaml -> /home/prethivi/ros2_ws/Smart_Factory/smart_factory_ws/install/smart_factory/share/smart_factory/config
[0.978s] symbolically linking /home/prethivi/ros2_ws/Smart_Factory/smart_factory_ws/build/smart_factory/config/nav2_params.yaml -> /home/prethivi/ros2_ws/Smart_Factory/smart_factory_ws/install/smart_factory/share/smart_factory/config
[0.978s] symbolically linking /home/prethivi/ros2_ws/Smart_Factory/smart_factory_ws/build/smart_factory/config/mapper_params_online_async.yaml -> /home/prethivi/ros2_ws/Smart_Factory/smart_factory_ws/install/smart_factory/share/smart_factory/config
[0.979s] symbolically linking /home/prethivi/ros2_ws/Smart_Factory/smart_factory_ws/build/smart_factory/config/slam_config.rviz -> /home/prethivi/ros2_ws/Smart_Factory/smart_factory_ws/install/smart_factory/share/smart_factory/config
[0.979s] symbolically linking /home/prethivi/ros2_ws/Smart_Factory/smart_factory_ws/build/smart_factory/config/nav2_default_view.rviz -> /home/prethivi/ros2_ws/Smart_Factory/smart_factory_ws/install/smart_factory/share/smart_factory/config
[0.979s] symbolically linking /home/prethivi/ros2_ws/Smart_Factory/smart_factory_ws/build/smart_factory/config/waffle.yaml -> /home/prethivi/ros2_ws/Smart_Factory/smart_factory_ws/install/smart_factory/share/smart_factory/config
[1.008s] symbolically linking /home/prethivi/ros2_ws/Smart_Factory/smart_factory_ws/build/smart_factory/maps/frames_2025-05-10_17.17.06.gv -> /home/prethivi/ros2_ws/Smart_Factory/smart_factory_ws/install/smart_factory/share/smart_factory/maps
[1.008s] symbolically linking /home/prethivi/ros2_ws/Smart_Factory/smart_factory_ws/build/smart_factory/maps/turtlebot3_housemap.yaml -> /home/prethivi/ros2_ws/Smart_Factory/smart_factory_ws/install/smart_factory/share/smart_factory/maps
[1.008s] symbolically linking /home/prethivi/ros2_ws/Smart_Factory/smart_factory_ws/build/smart_factory/maps/frames_2025-05-10_17.17.06.pdf -> /home/prethivi/ros2_ws/Smart_Factory/smart_factory_ws/install/smart_factory/share/smart_factory/maps
[1.008s] symbolically linking /home/prethivi/ros2_ws/Smart_Factory/smart_factory_ws/build/smart_factory/maps/map_1744355432.pgm -> /home/prethivi/ros2_ws/Smart_Factory/smart_factory_ws/install/smart_factory/share/smart_factory/maps
[1.008s] symbolically linking /home/prethivi/ros2_ws/Smart_Factory/smart_factory_ws/build/smart_factory/maps/Env2.data -> /home/prethivi/ros2_ws/Smart_Factory/smart_factory_ws/install/smart_factory/share/smart_factory/maps
[1.008s] symbolically linking /home/prethivi/ros2_ws/Smart_Factory/smart_factory_ws/build/smart_factory/maps/sample_map.data -> /home/prethivi/ros2_ws/Smart_Factory/smart_factory_ws/install/smart_factory/share/smart_factory/maps
[1.008s] symbolically linking /home/prethivi/ros2_ws/Smart_Factory/smart_factory_ws/build/smart_factory/maps/samplemap_1.pgm -> /home/prethivi/ros2_ws/Smart_Factory/smart_factory_ws/install/smart_factory/share/smart_factory/maps
[1.009s] symbolically linking /home/prethivi/ros2_ws/Smart_Factory/smart_factory_ws/build/smart_factory/maps/samplemap_!.data -> /home/prethivi/ros2_ws/Smart_Factory/smart_factory_ws/install/smart_factory/share/smart_factory/maps
[1.009s] symbolically linking /home/prethivi/ros2_ws/Smart_Factory/smart_factory_ws/build/smart_factory/maps/final_map_1.yaml -> /home/prethivi/ros2_ws/Smart_Factory/smart_factory_ws/install/smart_factory/share/smart_factory/maps
[1.009s] symbolically linking /home/prethivi/ros2_ws/Smart_Factory/smart_factory_ws/build/smart_factory/maps/Env2.yaml -> /home/prethivi/ros2_ws/Smart_Factory/smart_factory_ws/install/smart_factory/share/smart_factory/maps
[1.009s] symbolically linking /home/prethivi/ros2_ws/Smart_Factory/smart_factory_ws/build/smart_factory/maps/TMP_RECORDING.mp4 -> /home/prethivi/ros2_ws/Smart_Factory/smart_factory_ws/install/smart_factory/share/smart_factory/maps
[1.009s] symbolically linking /home/prethivi/ros2_ws/Smart_Factory/smart_factory_ws/build/smart_factory/maps/sample_map.pgm -> /home/prethivi/ros2_ws/Smart_Factory/smart_factory_ws/install/smart_factory/share/smart_factory/maps
[1.009s] symbolically linking /home/prethivi/ros2_ws/Smart_Factory/smart_factory_ws/build/smart_factory/maps/Env2.posegraph -> /home/prethivi/ros2_ws/Smart_Factory/smart_factory_ws/install/smart_factory/share/smart_factory/maps
[1.009s] symbolically linking /home/prethivi/ros2_ws/Smart_Factory/smart_factory_ws/build/smart_factory/maps/sample_map.posegraph -> /home/prethivi/ros2_ws/Smart_Factory/smart_factory_ws/install/smart_factory/share/smart_factory/maps
[1.009s] symbolically linking /home/prethivi/ros2_ws/Smart_Factory/smart_factory_ws/build/smart_factory/maps/turtlebot3_housemap.posegraph -> /home/prethivi/ros2_ws/Smart_Factory/smart_factory_ws/install/smart_factory/share/smart_factory/maps
[1.009s] symbolically linking /home/prethivi/ros2_ws/Smart_Factory/smart_factory_ws/build/smart_factory/maps/Env2.pgm -> /home/prethivi/ros2_ws/Smart_Factory/smart_factory_ws/install/smart_factory/share/smart_factory/maps
[1.009s] symbolically linking /home/prethivi/ros2_ws/Smart_Factory/smart_factory_ws/build/smart_factory/maps/map_1744355432.yaml -> /home/prethivi/ros2_ws/Smart_Factory/smart_factory_ws/install/smart_factory/share/smart_factory/maps
[1.009s] symbolically linking /home/prethivi/ros2_ws/Smart_Factory/smart_factory_ws/build/smart_factory/maps/turtlebot3_housemap.pgm -> /home/prethivi/ros2_ws/Smart_Factory/smart_factory_ws/install/smart_factory/share/smart_factory/maps
[1.010s] symbolically linking /home/prethivi/ros2_ws/Smart_Factory/smart_factory_ws/build/smart_factory/maps/final_map_1.pgm -> /home/prethivi/ros2_ws/Smart_Factory/smart_factory_ws/install/smart_factory/share/smart_factory/maps
[1.010s] symbolically linking /home/prethivi/ros2_ws/Smart_Factory/smart_factory_ws/build/smart_factory/maps/final_map_1.data -> /home/prethivi/ros2_ws/Smart_Factory/smart_factory_ws/install/smart_factory/share/smart_factory/maps
[1.010s] symbolically linking /home/prethivi/ros2_ws/Smart_Factory/smart_factory_ws/build/smart_factory/maps/turtlebot3_housemap.data -> /home/prethivi/ros2_ws/Smart_Factory/smart_factory_ws/install/smart_factory/share/smart_factory/maps
[1.010s] symbolically linking /home/prethivi/ros2_ws/Smart_Factory/smart_factory_ws/build/smart_factory/maps/sample_map.yaml -> /home/prethivi/ros2_ws/Smart_Factory/smart_factory_ws/install/smart_factory/share/smart_factory/maps
[1.010s] symbolically linking /home/prethivi/ros2_ws/Smart_Factory/smart_factory_ws/build/smart_factory/maps/samplemap_1.yaml -> /home/prethivi/ros2_ws/Smart_Factory/smart_factory_ws/install/smart_factory/share/smart_factory/maps
[1.010s] symbolically linking /home/prethivi/ros2_ws/Smart_Factory/smart_factory_ws/build/smart_factory/maps/samplemap_!.posegraph -> /home/prethivi/ros2_ws/Smart_Factory/smart_factory_ws/install/smart_factory/share/smart_factory/maps
[1.010s] symbolically linking /home/prethivi/ros2_ws/Smart_Factory/smart_factory_ws/build/smart_factory/maps/final_map_1.posegraph -> /home/prethivi/ros2_ws/Smart_Factory/smart_factory_ws/install/smart_factory/share/smart_factory/maps
[1.010s] symbolically linking /home/prethivi/ros2_ws/Smart_Factory/smart_factory_ws/build/smart_factory/yolo_model/tb3_object.pt -> /home/prethivi/ros2_ws/Smart_Factory/smart_factory_ws/install/smart_factory/share/smart_factory/yolo_model
[1.010s] symbolically linking /home/prethivi/ros2_ws/Smart_Factory/smart_factory_ws/build/smart_factory/yolo_model/smart_fact.pt -> /home/prethivi/ros2_ws/Smart_Factory/smart_factory_ws/install/smart_factory/share/smart_factory/yolo_model
[1.010s] symbolically linking /home/prethivi/ros2_ws/Smart_Factory/smart_factory_ws/build/smart_factory/yolo_model/rs2_hardware.pt -> /home/prethivi/ros2_ws/Smart_Factory/smart_factory_ws/install/smart_factory/share/smart_factory/yolo_model
[1.048s] Invoked command in '/home/prethivi/ros2_ws/Smart_Factory/smart_factory_ws/build/smart_factory' returned '0': CMAKE_PREFIX_PATH=/home/prethivi/ros2_ws/Smart_Factory/smart_factory_ws/install/smart_factory_services:/home/prethivi/ros2_ws/Smart_Factory/smart_factory_ws/install/turtlebot3_multi_robot LD_LIBRARY_PATH=/home/prethivi/ros2_ws/Smart_Factory/smart_factory_ws/install/smart_factory_services/lib:/usr/lib/x86_64-linux-gnu/gazebo-11/plugins:/opt/ros/humble/opt/rviz_ogre_vendor/lib:/opt/ros/humble/lib/x86_64-linux-gnu:/opt/ros/humble/lib:/usr/lib/x86_64-linux-gnu/gazebo-11/plugins:/usr/lib/x86_64-linux-gnu/gazebo-11/plugins:/usr/lib/x86_64-linux-gnu/gazebo-11/plugins PYTHONPATH=/home/prethivi/ros2_ws/Smart_Factory/smart_factory_ws/build/smart_factory/prefix_override:/usr/lib/python3/dist-packages/colcon_core/task/python/colcon_distutils_commands:/home/prethivi/ros2_ws/Smart_Factory/smart_factory_ws/install/smart_factory/lib/python3.10/site-packages:${PYTHONPATH} /usr/bin/python3 -W ignore:setup.py install is deprecated -W ignore:easy_install command is deprecated setup.py develop --editable --build-directory /home/prethivi/ros2_ws/Smart_Factory/smart_factory_ws/build/smart_factory/build --no-deps symlink_data --force
