running egg_info
writing ../../build/smart_factory_bringup/smart_factory_bringup.egg-info/PKG-INFO
writing dependency_links to ../../build/smart_factory_bringup/smart_factory_bringup.egg-info/dependency_links.txt
writing entry points to ../../build/smart_factory_bringup/smart_factory_bringup.egg-info/entry_points.txt
writing requirements to ../../build/smart_factory_bringup/smart_factory_bringup.egg-info/requires.txt
writing top-level names to ../../build/smart_factory_bringup/smart_factory_bringup.egg-info/top_level.txt
reading manifest file '../../build/smart_factory_bringup/smart_factory_bringup.egg-info/SOURCES.txt'
writing manifest file '../../build/smart_factory_bringup/smart_factory_bringup.egg-info/SOURCES.txt'
running build
running build_py
copying smart_factory_bringup/__init__.py -> /home/prethivi/ros2_ws/Smart_Factory/smart_factory_ws/build/smart_factory_bringup/build/lib/smart_factory_bringup
running install
running install_lib
copying /home/prethivi/ros2_ws/Smart_Factory/smart_factory_ws/build/smart_factory_bringup/build/lib/smart_factory_bringup/__init__.py -> /home/prethivi/ros2_ws/Smart_Factory/smart_factory_ws/install/smart_factory_bringup/lib/python3.10/site-packages/smart_factory_bringup
byte-compiling /home/prethivi/ros2_ws/Smart_Factory/smart_factory_ws/install/smart_factory_bringup/lib/python3.10/site-packages/smart_factory_bringup/__init__.py to __init__.cpython-310.pyc
running install_data
copying resource/smart_factory_bringup -> /home/prethivi/ros2_ws/Smart_Factory/smart_factory_ws/install/smart_factory_bringup/share/ament_index/resource_index/packages
copying package.xml -> /home/prethivi/ros2_ws/Smart_Factory/smart_factory_ws/install/smart_factory_bringup/share/smart_factory_bringup
running install_egg_info
removing '/home/prethivi/ros2_ws/Smart_Factory/smart_factory_ws/install/smart_factory_bringup/lib/python3.10/site-packages/smart_factory_bringup-0.0.0-py3.10.egg-info' (and everything under it)
Copying ../../build/smart_factory_bringup/smart_factory_bringup.egg-info to /home/prethivi/ros2_ws/Smart_Factory/smart_factory_ws/install/smart_factory_bringup/lib/python3.10/site-packages/smart_factory_bringup-0.0.0-py3.10.egg-info
running install_scripts
writing list of installed files to '/home/prethivi/ros2_ws/Smart_Factory/smart_factory_ws/build/smart_factory_bringup/install.log'
