[0.498s] Invoking command in '/home/prethivi/ros2_ws/Smart_Factory/smart_factory_ws/build/smart_factory_bringup': PYTHONPATH=/home/prethivi/ros2_ws/Smart_Factory/smart_factory_ws/build/smart_factory_bringup/prefix_override:/usr/lib/python3/dist-packages/colcon_core/task/python/colcon_distutils_commands:/home/prethivi/ros2_ws/Smart_Factory/smart_factory_ws/install/smart_factory_bringup/lib/python3.10/site-packages:${PYTHONPATH} /usr/bin/python3 -W ignore:setup.py install is deprecated -W ignore:easy_install command is deprecated setup.py develop --editable --build-directory /home/prethivi/ros2_ws/Smart_Factory/smart_factory_ws/build/smart_factory_bringup/build --no-deps symlink_data
[0.702s] running develop
[0.853s] running egg_info
[0.853s] creating smart_factory_bringup.egg-info
[0.854s] writing smart_factory_bringup.egg-info/PKG-INFO
[0.854s] writing dependency_links to smart_factory_bringup.egg-info/dependency_links.txt
[0.854s] writing entry points to smart_factory_bringup.egg-info/entry_points.txt
[0.854s] writing requirements to smart_factory_bringup.egg-info/requires.txt
[0.854s] writing top-level names to smart_factory_bringup.egg-info/top_level.txt
[0.855s] writing manifest file 'smart_factory_bringup.egg-info/SOURCES.txt'
[0.856s] reading manifest file 'smart_factory_bringup.egg-info/SOURCES.txt'
[0.857s] writing manifest file 'smart_factory_bringup.egg-info/SOURCES.txt'
[0.858s] running build_ext
[0.858s] Creating /home/prethivi/ros2_ws/Smart_Factory/smart_factory_ws/install/smart_factory_bringup/lib/python3.10/site-packages/smart-factory-bringup.egg-link (link to .)
[0.858s] 
[0.859s] Installed /home/prethivi/ros2_ws/Smart_Factory/smart_factory_ws/build/smart_factory_bringup
[0.859s] running symlink_data
[0.859s] creating /home/prethivi/ros2_ws/Smart_Factory/smart_factory_ws/install/smart_factory_bringup/share/ament_index
[0.859s] creating /home/prethivi/ros2_ws/Smart_Factory/smart_factory_ws/install/smart_factory_bringup/share/ament_index/resource_index
[0.859s] creating /home/prethivi/ros2_ws/Smart_Factory/smart_factory_ws/install/smart_factory_bringup/share/ament_index/resource_index/packages
[0.859s] symbolically linking /home/prethivi/ros2_ws/Smart_Factory/smart_factory_ws/build/smart_factory_bringup/resource/smart_factory_bringup -> /home/prethivi/ros2_ws/Smart_Factory/smart_factory_ws/install/smart_factory_bringup/share/ament_index/resource_index/packages
[0.859s] symbolically linking /home/prethivi/ros2_ws/Smart_Factory/smart_factory_ws/build/smart_factory_bringup/package.xml -> /home/prethivi/ros2_ws/Smart_Factory/smart_factory_ws/install/smart_factory_bringup/share/smart_factory_bringup
[0.891s] Invoked command in '/home/prethivi/ros2_ws/Smart_Factory/smart_factory_ws/build/smart_factory_bringup' returned '0': PYTHONPATH=/home/prethivi/ros2_ws/Smart_Factory/smart_factory_ws/build/smart_factory_bringup/prefix_override:/usr/lib/python3/dist-packages/colcon_core/task/python/colcon_distutils_commands:/home/prethivi/ros2_ws/Smart_Factory/smart_factory_ws/install/smart_factory_bringup/lib/python3.10/site-packages:${PYTHONPATH} /usr/bin/python3 -W ignore:setup.py install is deprecated -W ignore:easy_install command is deprecated setup.py develop --editable --build-directory /home/prethivi/ros2_ws/Smart_Factory/smart_factory_ws/build/smart_factory_bringup/build --no-deps symlink_data
