[0.011s] Invoking command in '/home/prethivi/ros2_ws/Smart_Factory/smart_factory_ws/build/smart_factory_services': CMAKE_PREFIX_PATH=/opt/ros/humble /usr/bin/cmake --build /home/prethivi/ros2_ws/Smart_Factory/smart_factory_ws/build/smart_factory_services -- -j16 -l16
[0.037s] -- Found ament_cmake: 1.3.11 (/opt/ros/humble/share/ament_cmake/cmake)
[0.129s] -- Override CMake install command with custom implementation using symlinks instead of copying resources
[0.135s] -- Found rclcpp: 16.0.12 (/opt/ros/humble/share/rclcpp/cmake)
[0.156s] -- Found rosidl_generator_c: 3.1.6 (/opt/ros/humble/share/rosidl_generator_c/cmake)
[0.158s] -- Found rosidl_adapter: 3.1.6 (/opt/ros/humble/share/rosidl_adapter/cmake)
[0.162s] -- Found rosidl_generator_cpp: 3.1.6 (/opt/ros/humble/share/rosidl_generator_cpp/cmake)
[0.168s] -- Using all available rosidl_typesupport_c: rosidl_typesupport_fastrtps_c;rosidl_typesupport_introspection_c
[0.177s] -- Using all available rosidl_typesupport_cpp: rosidl_typesupport_fastrtps_cpp;rosidl_typesupport_introspection_cpp
[0.198s] -- Found rmw_implementation_cmake: 6.1.2 (/opt/ros/humble/share/rmw_implementation_cmake/cmake)
[0.199s] -- Found rmw_fastrtps_cpp: 6.2.7 (/opt/ros/humble/share/rmw_fastrtps_cpp/cmake)
[0.287s] -- Using RMW implementation 'rmw_fastrtps_cpp' as default
[0.322s] -- Found rosidl_default_generators: 1.2.0 (/opt/ros/humble/share/rosidl_default_generators/cmake)
[0.523s] -- Found ament_cmake_ros: 0.10.0 (/opt/ros/humble/share/ament_cmake_ros/cmake)
[0.759s] -- Using all available rosidl_typesupport_c: rosidl_typesupport_fastrtps_c;rosidl_typesupport_introspection_c
[0.852s] -- Using all available rosidl_typesupport_cpp: rosidl_typesupport_fastrtps_cpp;rosidl_typesupport_introspection_cpp
[0.870s] -- Found python_cmake_module: 0.10.0 (/opt/ros/humble/share/python_cmake_module/cmake)
[0.887s] -- Using PYTHON_EXECUTABLE: /usr/bin/python3
[0.887s] -- Using PYTHON_INCLUDE_DIRS: /usr/include/python3.10
[0.887s] -- Using PYTHON_LIBRARIES: /usr/lib/x86_64-linux-gnu/libpython3.10.so
[0.896s] -- Found ament_lint_auto: 0.12.12 (/opt/ros/humble/share/ament_lint_auto/cmake)
[0.906s] -- Added test 'lint_cmake' to check CMake code style
[0.907s] -- Added test 'xmllint' to check XML markup files
[0.910s] -- Configuring done
[0.937s] -- Generating done
[0.946s] -- Build files have been written to: /home/prethivi/ros2_ws/Smart_Factory/smart_factory_ws/build/smart_factory_services
[0.973s] [35m[1mConsolidate compiler generated dependencies of target smart_factory_services__rosidl_generator_c[0m
[0.983s] [  3%] Built target smart_factory_services__cpp
[0.984s] [ 12%] Built target smart_factory_services__rosidl_generator_c
[0.991s] [ 12%] Built target ament_cmake_python_symlink_smart_factory_services
[0.992s] [35m[1mConsolidate compiler generated dependencies of target smart_factory_services__rosidl_typesupport_cpp[0m
[0.992s] [35m[1mConsolidate compiler generated dependencies of target smart_factory_services__rosidl_typesupport_introspection_cpp[0m
[0.992s] [35m[1mConsolidate compiler generated dependencies of target smart_factory_services__rosidl_typesupport_fastrtps_cpp[0m
[0.993s] [35m[1mConsolidate compiler generated dependencies of target smart_factory_services__rosidl_typesupport_c[0m
[0.993s] [35m[1mConsolidate compiler generated dependencies of target smart_factory_services__rosidl_typesupport_introspection_c[0m
[0.994s] [35m[1mConsolidate compiler generated dependencies of target smart_factory_services__rosidl_typesupport_fastrtps_c[0m
[1.004s] [ 51%] Built target smart_factory_services__rosidl_typesupport_introspection_c
[1.004s] [ 51%] Built target smart_factory_services__rosidl_typesupport_c
[1.004s] [ 51%] Built target smart_factory_services__rosidl_typesupport_cpp
[1.004s] [ 51%] Built target smart_factory_services__rosidl_typesupport_introspection_cpp
[1.004s] [ 61%] Built target smart_factory_services__rosidl_typesupport_fastrtps_cpp
[1.006s] [ 70%] Built target smart_factory_services__rosidl_typesupport_fastrtps_c
[1.029s] [ 70%] Built target smart_factory_services
[1.050s] [ 74%] Built target smart_factory_services__py
[1.062s] [35m[1mConsolidate compiler generated dependencies of target smart_factory_services__rosidl_generator_py[0m
[1.075s] [ 80%] Built target smart_factory_services__rosidl_generator_py
[1.086s] [35m[1mConsolidate compiler generated dependencies of target smart_factory_services__rosidl_typesupport_c__pyext[0m
[1.086s] [35m[1mConsolidate compiler generated dependencies of target smart_factory_services__rosidl_typesupport_introspection_c__pyext[0m
[1.086s] [35m[1mConsolidate compiler generated dependencies of target smart_factory_services__rosidl_typesupport_fastrtps_c__pyext[0m
[1.098s] [100%] Built target smart_factory_services__rosidl_typesupport_introspection_c__pyext
[1.098s] [100%] Built target smart_factory_services__rosidl_typesupport_fastrtps_c__pyext
[1.098s] [100%] Built target smart_factory_services__rosidl_typesupport_c__pyext
[1.192s] running egg_info
[1.192s] writing smart_factory_services.egg-info/PKG-INFO
[1.193s] writing dependency_links to smart_factory_services.egg-info/dependency_links.txt
[1.193s] writing top-level names to smart_factory_services.egg-info/top_level.txt
[1.195s] reading manifest file 'smart_factory_services.egg-info/SOURCES.txt'
[1.196s] writing manifest file 'smart_factory_services.egg-info/SOURCES.txt'
[1.222s] [100%] Built target ament_cmake_python_build_smart_factory_services_egg
[1.234s] Invoked command in '/home/prethivi/ros2_ws/Smart_Factory/smart_factory_ws/build/smart_factory_services' returned '0': CMAKE_PREFIX_PATH=/opt/ros/humble /usr/bin/cmake --build /home/prethivi/ros2_ws/Smart_Factory/smart_factory_ws/build/smart_factory_services -- -j16 -l16
[1.236s] Invoking command in '/home/prethivi/ros2_ws/Smart_Factory/smart_factory_ws/build/smart_factory_services': CMAKE_PREFIX_PATH=/opt/ros/humble /usr/bin/cmake --install /home/prethivi/ros2_ws/Smart_Factory/smart_factory_ws/build/smart_factory_services
[1.242s] -- Install configuration: ""
[1.243s] -- Execute custom install script
[1.243s] -- Up-to-date symlink: /home/prethivi/ros2_ws/Smart_Factory/smart_factory_ws/install/smart_factory_services/share/ament_index/resource_index/rosidl_interfaces/smart_factory_services
[1.243s] -- Up-to-date symlink: /home/prethivi/ros2_ws/Smart_Factory/smart_factory_ws/install/smart_factory_services/include/smart_factory_services/smart_factory_services/msg/rosidl_generator_c__visibility_control.h
[1.243s] -- Up-to-date symlink: /home/prethivi/ros2_ws/Smart_Factory/smart_factory_ws/install/smart_factory_services/include/smart_factory_services/smart_factory_services/srv/detail/task_allocation__functions.h
[1.244s] -- Up-to-date symlink: /home/prethivi/ros2_ws/Smart_Factory/smart_factory_ws/install/smart_factory_services/include/smart_factory_services/smart_factory_services/srv/detail/task_allocation__struct.h
[1.244s] -- Up-to-date symlink: /home/prethivi/ros2_ws/Smart_Factory/smart_factory_ws/install/smart_factory_services/include/smart_factory_services/smart_factory_services/srv/detail/task_allocation__type_support.h
[1.244s] -- Up-to-date symlink: /home/prethivi/ros2_ws/Smart_Factory/smart_factory_ws/install/smart_factory_services/include/smart_factory_services/smart_factory_services/srv/task_allocation.h
[1.244s] -- Up-to-date symlink: /home/prethivi/ros2_ws/Smart_Factory/smart_factory_ws/install/smart_factory_services/share/smart_factory_services/environment/library_path.sh
[1.244s] -- Up-to-date symlink: /home/prethivi/ros2_ws/Smart_Factory/smart_factory_ws/install/smart_factory_services/share/smart_factory_services/environment/library_path.dsv
[1.244s] -- Up-to-date symlink: /home/prethivi/ros2_ws/Smart_Factory/smart_factory_ws/install/smart_factory_services/include/smart_factory_services/smart_factory_services/msg/rosidl_typesupport_fastrtps_c__visibility_control.h
[1.244s] -- Up-to-date symlink: /home/prethivi/ros2_ws/Smart_Factory/smart_factory_ws/install/smart_factory_services/include/smart_factory_services/smart_factory_services/srv/detail/task_allocation__rosidl_typesupport_fastrtps_c.h
[1.245s] -- Up-to-date symlink: /home/prethivi/ros2_ws/Smart_Factory/smart_factory_ws/install/smart_factory_services/include/smart_factory_services/smart_factory_services/msg/rosidl_generator_cpp__visibility_control.hpp
[1.245s] -- Up-to-date symlink: /home/prethivi/ros2_ws/Smart_Factory/smart_factory_ws/install/smart_factory_services/include/smart_factory_services/smart_factory_services/srv/detail/task_allocation__builder.hpp
[1.245s] -- Up-to-date symlink: /home/prethivi/ros2_ws/Smart_Factory/smart_factory_ws/install/smart_factory_services/include/smart_factory_services/smart_factory_services/srv/detail/task_allocation__struct.hpp
[1.245s] -- Up-to-date symlink: /home/prethivi/ros2_ws/Smart_Factory/smart_factory_ws/install/smart_factory_services/include/smart_factory_services/smart_factory_services/srv/detail/task_allocation__traits.hpp
[1.245s] -- Up-to-date symlink: /home/prethivi/ros2_ws/Smart_Factory/smart_factory_ws/install/smart_factory_services/include/smart_factory_services/smart_factory_services/srv/detail/task_allocation__type_support.hpp
[1.245s] -- Up-to-date symlink: /home/prethivi/ros2_ws/Smart_Factory/smart_factory_ws/install/smart_factory_services/include/smart_factory_services/smart_factory_services/srv/task_allocation.hpp
[1.245s] -- Up-to-date symlink: /home/prethivi/ros2_ws/Smart_Factory/smart_factory_ws/install/smart_factory_services/include/smart_factory_services/smart_factory_services/msg/rosidl_typesupport_fastrtps_cpp__visibility_control.h
[1.246s] -- Up-to-date symlink: /home/prethivi/ros2_ws/Smart_Factory/smart_factory_ws/install/smart_factory_services/include/smart_factory_services/smart_factory_services/srv/detail/task_allocation__rosidl_typesupport_fastrtps_cpp.hpp
[1.246s] -- Up-to-date symlink: /home/prethivi/ros2_ws/Smart_Factory/smart_factory_ws/install/smart_factory_services/include/smart_factory_services/smart_factory_services/msg/rosidl_typesupport_introspection_c__visibility_control.h
[1.246s] -- Up-to-date symlink: /home/prethivi/ros2_ws/Smart_Factory/smart_factory_ws/install/smart_factory_services/include/smart_factory_services/smart_factory_services/srv/detail/task_allocation__rosidl_typesupport_introspection_c.h
[1.246s] -- Up-to-date symlink: /home/prethivi/ros2_ws/Smart_Factory/smart_factory_ws/install/smart_factory_services/include/smart_factory_services/smart_factory_services/srv/detail/task_allocation__rosidl_typesupport_introspection_cpp.hpp
[1.246s] -- Up-to-date symlink: /home/prethivi/ros2_ws/Smart_Factory/smart_factory_ws/install/smart_factory_services/share/smart_factory_services/environment/pythonpath.sh
[1.246s] -- Up-to-date symlink: /home/prethivi/ros2_ws/Smart_Factory/smart_factory_ws/install/smart_factory_services/share/smart_factory_services/environment/pythonpath.dsv
[1.247s] -- Up-to-date symlink: /home/prethivi/ros2_ws/Smart_Factory/smart_factory_ws/install/smart_factory_services/local/lib/python3.10/dist-packages/smart_factory_services-0.0.0-py3.10.egg-info/PKG-INFO
[1.247s] -- Up-to-date symlink: /home/prethivi/ros2_ws/Smart_Factory/smart_factory_ws/install/smart_factory_services/local/lib/python3.10/dist-packages/smart_factory_services-0.0.0-py3.10.egg-info/SOURCES.txt
[1.247s] -- Up-to-date symlink: /home/prethivi/ros2_ws/Smart_Factory/smart_factory_ws/install/smart_factory_services/local/lib/python3.10/dist-packages/smart_factory_services-0.0.0-py3.10.egg-info/dependency_links.txt
[1.247s] -- Up-to-date symlink: /home/prethivi/ros2_ws/Smart_Factory/smart_factory_ws/install/smart_factory_services/local/lib/python3.10/dist-packages/smart_factory_services-0.0.0-py3.10.egg-info/top_level.txt
[1.248s] -- Up-to-date symlink: /home/prethivi/ros2_ws/Smart_Factory/smart_factory_ws/install/smart_factory_services/local/lib/python3.10/dist-packages/smart_factory_services/__init__.py
[1.248s] -- Up-to-date symlink: /home/prethivi/ros2_ws/Smart_Factory/smart_factory_ws/install/smart_factory_services/local/lib/python3.10/dist-packages/smart_factory_services/_smart_factory_services_s.ep.rosidl_typesupport_c.c
[1.248s] -- Up-to-date symlink: /home/prethivi/ros2_ws/Smart_Factory/smart_factory_ws/install/smart_factory_services/local/lib/python3.10/dist-packages/smart_factory_services/_smart_factory_services_s.ep.rosidl_typesupport_fastrtps_c.c
[1.248s] -- Up-to-date symlink: /home/prethivi/ros2_ws/Smart_Factory/smart_factory_ws/install/smart_factory_services/local/lib/python3.10/dist-packages/smart_factory_services/_smart_factory_services_s.ep.rosidl_typesupport_introspection_c.c
[1.248s] -- Up-to-date symlink: /home/prethivi/ros2_ws/Smart_Factory/smart_factory_ws/install/smart_factory_services/local/lib/python3.10/dist-packages/smart_factory_services/libsmart_factory_services__rosidl_generator_py.so
[1.248s] -- Up-to-date symlink: /home/prethivi/ros2_ws/Smart_Factory/smart_factory_ws/install/smart_factory_services/local/lib/python3.10/dist-packages/smart_factory_services/smart_factory_services_s__rosidl_typesupport_c.cpython-310-x86_64-linux-gnu.so
[1.248s] -- Up-to-date symlink: /home/prethivi/ros2_ws/Smart_Factory/smart_factory_ws/install/smart_factory_services/local/lib/python3.10/dist-packages/smart_factory_services/smart_factory_services_s__rosidl_typesupport_fastrtps_c.cpython-310-x86_64-linux-gnu.so
[1.248s] -- Up-to-date symlink: /home/prethivi/ros2_ws/Smart_Factory/smart_factory_ws/install/smart_factory_services/local/lib/python3.10/dist-packages/smart_factory_services/smart_factory_services_s__rosidl_typesupport_introspection_c.cpython-310-x86_64-linux-gnu.so
[1.248s] -- Up-to-date symlink: /home/prethivi/ros2_ws/Smart_Factory/smart_factory_ws/install/smart_factory_services/local/lib/python3.10/dist-packages/smart_factory_services/srv/__init__.py
[1.248s] -- Up-to-date symlink: /home/prethivi/ros2_ws/Smart_Factory/smart_factory_ws/install/smart_factory_services/local/lib/python3.10/dist-packages/smart_factory_services/srv/_task_allocation.py
[1.249s] -- Up-to-date symlink: /home/prethivi/ros2_ws/Smart_Factory/smart_factory_ws/install/smart_factory_services/local/lib/python3.10/dist-packages/smart_factory_services/srv/_task_allocation_s.c
[1.249s] -- Up-to-date symlink: /home/prethivi/ros2_ws/Smart_Factory/smart_factory_ws/install/smart_factory_services/local/lib/python3.10/dist-packages/smart_factory_services/smart_factory_services_s__rosidl_typesupport_fastrtps_c.cpython-310-x86_64-linux-gnu.so
[1.249s] -- Up-to-date symlink: /home/prethivi/ros2_ws/Smart_Factory/smart_factory_ws/install/smart_factory_services/local/lib/python3.10/dist-packages/smart_factory_services/smart_factory_services_s__rosidl_typesupport_introspection_c.cpython-310-x86_64-linux-gnu.so
[1.249s] -- Up-to-date symlink: /home/prethivi/ros2_ws/Smart_Factory/smart_factory_ws/install/smart_factory_services/local/lib/python3.10/dist-packages/smart_factory_services/smart_factory_services_s__rosidl_typesupport_c.cpython-310-x86_64-linux-gnu.so
[1.249s] -- Up-to-date symlink: /home/prethivi/ros2_ws/Smart_Factory/smart_factory_ws/install/smart_factory_services/share/smart_factory_services/srv/TaskAllocation.idl
[1.249s] -- Up-to-date symlink: /home/prethivi/ros2_ws/Smart_Factory/smart_factory_ws/install/smart_factory_services/share/smart_factory_services/srv/TaskAllocation.srv
[1.249s] -- Up-to-date symlink: /home/prethivi/ros2_ws/Smart_Factory/smart_factory_ws/install/smart_factory_services/share/smart_factory_services/srv/TaskAllocation_Request.msg
[1.250s] -- Up-to-date symlink: /home/prethivi/ros2_ws/Smart_Factory/smart_factory_ws/install/smart_factory_services/share/smart_factory_services/srv/TaskAllocation_Response.msg
[1.250s] -- Up-to-date symlink: /home/prethivi/ros2_ws/Smart_Factory/smart_factory_ws/install/smart_factory_services/share/ament_index/resource_index/package_run_dependencies/smart_factory_services
[1.250s] -- Up-to-date symlink: /home/prethivi/ros2_ws/Smart_Factory/smart_factory_ws/install/smart_factory_services/share/ament_index/resource_index/parent_prefix_path/smart_factory_services
[1.250s] -- Up-to-date symlink: /home/prethivi/ros2_ws/Smart_Factory/smart_factory_ws/install/smart_factory_services/share/smart_factory_services/environment/ament_prefix_path.sh
[1.250s] -- Up-to-date symlink: /home/prethivi/ros2_ws/Smart_Factory/smart_factory_ws/install/smart_factory_services/share/smart_factory_services/environment/ament_prefix_path.dsv
[1.250s] -- Up-to-date symlink: /home/prethivi/ros2_ws/Smart_Factory/smart_factory_ws/install/smart_factory_services/share/smart_factory_services/environment/path.sh
[1.250s] -- Up-to-date symlink: /home/prethivi/ros2_ws/Smart_Factory/smart_factory_ws/install/smart_factory_services/share/smart_factory_services/environment/path.dsv
[1.250s] -- Up-to-date symlink: /home/prethivi/ros2_ws/Smart_Factory/smart_factory_ws/install/smart_factory_services/share/smart_factory_services/local_setup.bash
[1.251s] -- Up-to-date symlink: /home/prethivi/ros2_ws/Smart_Factory/smart_factory_ws/install/smart_factory_services/share/smart_factory_services/local_setup.sh
[1.251s] -- Up-to-date symlink: /home/prethivi/ros2_ws/Smart_Factory/smart_factory_ws/install/smart_factory_services/share/smart_factory_services/local_setup.zsh
[1.251s] -- Up-to-date symlink: /home/prethivi/ros2_ws/Smart_Factory/smart_factory_ws/install/smart_factory_services/share/smart_factory_services/local_setup.dsv
[1.251s] -- Symlinking: /home/prethivi/ros2_ws/Smart_Factory/smart_factory_ws/install/smart_factory_services/share/smart_factory_services/package.dsv
[1.260s] -- Up-to-date symlink: /home/prethivi/ros2_ws/Smart_Factory/smart_factory_ws/install/smart_factory_services/share/ament_index/resource_index/packages/smart_factory_services
[1.260s] -- Up-to-date symlink: /home/prethivi/ros2_ws/Smart_Factory/smart_factory_ws/install/smart_factory_services/share/smart_factory_services/cmake/rosidl_cmake-extras.cmake
[1.260s] -- Up-to-date symlink: /home/prethivi/ros2_ws/Smart_Factory/smart_factory_ws/install/smart_factory_services/share/smart_factory_services/cmake/ament_cmake_export_dependencies-extras.cmake
[1.261s] -- Up-to-date symlink: /home/prethivi/ros2_ws/Smart_Factory/smart_factory_ws/install/smart_factory_services/share/smart_factory_services/cmake/ament_cmake_export_include_directories-extras.cmake
[1.261s] -- Up-to-date symlink: /home/prethivi/ros2_ws/Smart_Factory/smart_factory_ws/install/smart_factory_services/share/smart_factory_services/cmake/ament_cmake_export_libraries-extras.cmake
[1.261s] -- Up-to-date symlink: /home/prethivi/ros2_ws/Smart_Factory/smart_factory_ws/install/smart_factory_services/share/smart_factory_services/cmake/ament_cmake_export_targets-extras.cmake
[1.261s] -- Up-to-date symlink: /home/prethivi/ros2_ws/Smart_Factory/smart_factory_ws/install/smart_factory_services/share/smart_factory_services/cmake/rosidl_cmake_export_typesupport_targets-extras.cmake
[1.261s] -- Up-to-date symlink: /home/prethivi/ros2_ws/Smart_Factory/smart_factory_ws/install/smart_factory_services/share/smart_factory_services/cmake/rosidl_cmake_export_typesupport_libraries-extras.cmake
[1.261s] -- Up-to-date symlink: /home/prethivi/ros2_ws/Smart_Factory/smart_factory_ws/install/smart_factory_services/share/smart_factory_services/cmake/smart_factory_servicesConfig.cmake
[1.261s] -- Up-to-date symlink: /home/prethivi/ros2_ws/Smart_Factory/smart_factory_ws/install/smart_factory_services/share/smart_factory_services/cmake/smart_factory_servicesConfig-version.cmake
[1.261s] -- Up-to-date symlink: /home/prethivi/ros2_ws/Smart_Factory/smart_factory_ws/install/smart_factory_services/share/smart_factory_services/package.xml
[1.261s] -- Up-to-date: /home/prethivi/ros2_ws/Smart_Factory/smart_factory_ws/install/smart_factory_services/lib/libsmart_factory_services__rosidl_generator_c.so
[1.262s] -- Up-to-date: /home/prethivi/ros2_ws/Smart_Factory/smart_factory_ws/install/smart_factory_services/lib/libsmart_factory_services__rosidl_typesupport_fastrtps_c.so
[1.262s] -- Up-to-date: /home/prethivi/ros2_ws/Smart_Factory/smart_factory_ws/install/smart_factory_services/lib/libsmart_factory_services__rosidl_typesupport_fastrtps_cpp.so
[1.262s] -- Up-to-date: /home/prethivi/ros2_ws/Smart_Factory/smart_factory_ws/install/smart_factory_services/lib/libsmart_factory_services__rosidl_typesupport_introspection_c.so
[1.262s] -- Up-to-date: /home/prethivi/ros2_ws/Smart_Factory/smart_factory_ws/install/smart_factory_services/lib/libsmart_factory_services__rosidl_typesupport_c.so
[1.263s] -- Up-to-date: /home/prethivi/ros2_ws/Smart_Factory/smart_factory_ws/install/smart_factory_services/lib/libsmart_factory_services__rosidl_typesupport_introspection_cpp.so
[1.263s] -- Up-to-date: /home/prethivi/ros2_ws/Smart_Factory/smart_factory_ws/install/smart_factory_services/lib/libsmart_factory_services__rosidl_typesupport_cpp.so
[1.288s] Listing '/home/prethivi/ros2_ws/Smart_Factory/smart_factory_ws/install/smart_factory_services/local/lib/python3.10/dist-packages/smart_factory_services'...
[1.288s] Compiling '/home/prethivi/ros2_ws/Smart_Factory/smart_factory_ws/install/smart_factory_services/local/lib/python3.10/dist-packages/smart_factory_services/__init__.py'...
[1.288s] Listing '/home/prethivi/ros2_ws/Smart_Factory/smart_factory_ws/install/smart_factory_services/local/lib/python3.10/dist-packages/smart_factory_services/srv'...
[1.291s] -- Up-to-date: /home/prethivi/ros2_ws/Smart_Factory/smart_factory_ws/install/smart_factory_services/lib/libsmart_factory_services__rosidl_generator_py.so
[1.292s] -- Up-to-date: /home/prethivi/ros2_ws/Smart_Factory/smart_factory_ws/install/smart_factory_services/share/smart_factory_services/cmake/export_smart_factory_services__rosidl_generator_cExport.cmake
[1.292s] -- Up-to-date: /home/prethivi/ros2_ws/Smart_Factory/smart_factory_ws/install/smart_factory_services/share/smart_factory_services/cmake/export_smart_factory_services__rosidl_generator_cExport-noconfig.cmake
[1.292s] -- Up-to-date: /home/prethivi/ros2_ws/Smart_Factory/smart_factory_ws/install/smart_factory_services/share/smart_factory_services/cmake/export_smart_factory_services__rosidl_typesupport_fastrtps_cExport.cmake
[1.292s] -- Up-to-date: /home/prethivi/ros2_ws/Smart_Factory/smart_factory_ws/install/smart_factory_services/share/smart_factory_services/cmake/export_smart_factory_services__rosidl_typesupport_fastrtps_cExport-noconfig.cmake
[1.292s] -- Up-to-date: /home/prethivi/ros2_ws/Smart_Factory/smart_factory_ws/install/smart_factory_services/share/smart_factory_services/cmake/export_smart_factory_services__rosidl_generator_cppExport.cmake
[1.292s] -- Up-to-date: /home/prethivi/ros2_ws/Smart_Factory/smart_factory_ws/install/smart_factory_services/share/smart_factory_services/cmake/export_smart_factory_services__rosidl_typesupport_fastrtps_cppExport.cmake
[1.292s] -- Up-to-date: /home/prethivi/ros2_ws/Smart_Factory/smart_factory_ws/install/smart_factory_services/share/smart_factory_services/cmake/export_smart_factory_services__rosidl_typesupport_fastrtps_cppExport-noconfig.cmake
[1.292s] -- Up-to-date: /home/prethivi/ros2_ws/Smart_Factory/smart_factory_ws/install/smart_factory_services/share/smart_factory_services/cmake/smart_factory_services__rosidl_typesupport_introspection_cExport.cmake
[1.292s] -- Up-to-date: /home/prethivi/ros2_ws/Smart_Factory/smart_factory_ws/install/smart_factory_services/share/smart_factory_services/cmake/smart_factory_services__rosidl_typesupport_introspection_cExport-noconfig.cmake
[1.293s] -- Up-to-date: /home/prethivi/ros2_ws/Smart_Factory/smart_factory_ws/install/smart_factory_services/share/smart_factory_services/cmake/smart_factory_services__rosidl_typesupport_cExport.cmake
[1.293s] -- Up-to-date: /home/prethivi/ros2_ws/Smart_Factory/smart_factory_ws/install/smart_factory_services/share/smart_factory_services/cmake/smart_factory_services__rosidl_typesupport_cExport-noconfig.cmake
[1.293s] -- Up-to-date: /home/prethivi/ros2_ws/Smart_Factory/smart_factory_ws/install/smart_factory_services/share/smart_factory_services/cmake/smart_factory_services__rosidl_typesupport_introspection_cppExport.cmake
[1.293s] -- Up-to-date: /home/prethivi/ros2_ws/Smart_Factory/smart_factory_ws/install/smart_factory_services/share/smart_factory_services/cmake/smart_factory_services__rosidl_typesupport_introspection_cppExport-noconfig.cmake
[1.293s] -- Up-to-date: /home/prethivi/ros2_ws/Smart_Factory/smart_factory_ws/install/smart_factory_services/share/smart_factory_services/cmake/smart_factory_services__rosidl_typesupport_cppExport.cmake
[1.293s] -- Up-to-date: /home/prethivi/ros2_ws/Smart_Factory/smart_factory_ws/install/smart_factory_services/share/smart_factory_services/cmake/smart_factory_services__rosidl_typesupport_cppExport-noconfig.cmake
[1.293s] -- Up-to-date: /home/prethivi/ros2_ws/Smart_Factory/smart_factory_ws/install/smart_factory_services/share/smart_factory_services/cmake/export_smart_factory_services__rosidl_generator_pyExport.cmake
[1.293s] -- Up-to-date: /home/prethivi/ros2_ws/Smart_Factory/smart_factory_ws/install/smart_factory_services/share/smart_factory_services/cmake/export_smart_factory_services__rosidl_generator_pyExport-noconfig.cmake
[1.295s] Invoked command in '/home/prethivi/ros2_ws/Smart_Factory/smart_factory_ws/build/smart_factory_services' returned '0': CMAKE_PREFIX_PATH=/opt/ros/humble /usr/bin/cmake --install /home/prethivi/ros2_ws/Smart_Factory/smart_factory_ws/build/smart_factory_services
